Archive member included to satisfy reference by file (symbol)

C:\Users\bitshen\Desktop\git\光度\Broadcaster-CH592\StdPeriphDriver\libISP592.a(ISP583.o)
                              ./StdPeriphDriver/CH59x_flash.o (FLASH_EEPROM_CMD)
C:\Users\bitshen\Desktop\git\光度\Broadcaster-CH592\LIB\libCH59xBLE.a(message.o)
                              ./HAL/MCU.o (tmos_msg_deallocate)
C:\Users\bitshen\Desktop\git\光度\Broadcaster-CH592\LIB\libCH59xBLE.a(tmos.o)
                              ./Profile/devinfoservice.o (tmos_memcpy)
C:\Users\bitshen\Desktop\git\光度\Broadcaster-CH592\LIB\libCH59xBLE.a(tmos_hw.o)
                              C:\Users\bitshen\Desktop\git\光度\Broadcaster-CH592\LIB\libCH59xBLE.a(tmos.o) (bleClock_t)
C:\Users\bitshen\Desktop\git\光度\Broadcaster-CH592\LIB\libCH59xBLE.a(tmos_snv.o)
                              C:\Users\bitshen\Desktop\git\光度\Broadcaster-CH592\LIB\libCH59xBLE.a(tmos.o) (tmos_snv_init)
C:\Users\bitshen\Desktop\git\光度\Broadcaster-CH592\LIB\libCH59xBLE.a(gap.o)
                              ./APP/broadcaster.o (GAP_SetParamValue)
C:\Users\bitshen\Desktop\git\光度\Broadcaster-CH592\LIB\libCH59xBLE.a(gap_central.o)
                              C:\Users\bitshen\Desktop\git\光度\Broadcaster-CH592\LIB\libCH59xBLE.a(gap.o) (gapProcessPeriodicAdvertisingSyncEstablishedEvt)
C:\Users\bitshen\Desktop\git\光度\Broadcaster-CH592\LIB\libCH59xBLE.a(gap_peripheral.o)
                              ./APP/broadcaster.o (GAP_UpdateAdvertisingData)
C:\Users\bitshen\Desktop\git\光度\Broadcaster-CH592\LIB\libCH59xBLE.a(gatt_uuid.o)
                              ./Profile/devinfoservice.o (characterUUID)
C:\Users\bitshen\Desktop\git\光度\Broadcaster-CH592\LIB\libCH59xBLE.a(gattservapp.o)
                              ./Profile/devinfoservice.o (GATTServApp_RegisterService)
C:\Users\bitshen\Desktop\git\光度\Broadcaster-CH592\LIB\libCH59xBLE.a(l2cap.o)
                              C:\Users\bitshen\Desktop\git\光度\Broadcaster-CH592\LIB\libCH59xBLE.a(gattservapp.o) (L2CAP_GetMTU)
C:\Users\bitshen\Desktop\git\光度\Broadcaster-CH592\LIB\libCH59xBLE.a(l2cap_input.o)
                              C:\Users\bitshen\Desktop\git\光度\Broadcaster-CH592\LIB\libCH59xBLE.a(l2cap.o) (l2capProcessRxData)
C:\Users\bitshen\Desktop\git\光度\Broadcaster-CH592\LIB\libCH59xBLE.a(l2cap_output.o)
                              C:\Users\bitshen\Desktop\git\光度\Broadcaster-CH592\LIB\libCH59xBLE.a(l2cap_input.o) (l2capNotifyData)
C:\Users\bitshen\Desktop\git\光度\Broadcaster-CH592\LIB\libCH59xBLE.a(l2cap_sdu.o)
                              C:\Users\bitshen\Desktop\git\光度\Broadcaster-CH592\LIB\libCH59xBLE.a(l2cap_input.o) (l2capBuildDisconnectRsp)
C:\Users\bitshen\Desktop\git\光度\Broadcaster-CH592\LIB\libCH59xBLE.a(linkdb.o)
                              C:\Users\bitshen\Desktop\git\光度\Broadcaster-CH592\LIB\libCH59xBLE.a(l2cap.o) (linkDB_Init)
C:\Users\bitshen\Desktop\git\光度\Broadcaster-CH592\LIB\libCH59xBLE.a(sm.o)
                              C:\Users\bitshen\Desktop\git\光度\Broadcaster-CH592\LIB\libCH59xBLE.a(gap.o) (smFreePairingParams)
C:\Users\bitshen\Desktop\git\光度\Broadcaster-CH592\LIB\libCH59xBLE.a(sm_initiator.o)
                              C:\Users\bitshen\Desktop\git\光度\Broadcaster-CH592\LIB\libCH59xBLE.a(sm.o) (smInitiatorSendNextKeyInfo)
C:\Users\bitshen\Desktop\git\光度\Broadcaster-CH592\LIB\libCH59xBLE.a(sm_pdu.o)
                              C:\Users\bitshen\Desktop\git\光度\Broadcaster-CH592\LIB\libCH59xBLE.a(sm.o) (smpBuildPairingReq)
C:\Users\bitshen\Desktop\git\光度\Broadcaster-CH592\LIB\libCH59xBLE.a(sm_responding.o)
                              C:\Users\bitshen\Desktop\git\光度\Broadcaster-CH592\LIB\libCH59xBLE.a(sm.o) (smResponderSendNextKeyInfo)
C:\Users\bitshen\Desktop\git\光度\Broadcaster-CH592\LIB\libCH59xBLE.a(sm_toolbox.o)
                              C:\Users\bitshen\Desktop\git\光度\Broadcaster-CH592\LIB\libCH59xBLE.a(sm.o) (sm_ah)
C:\Users\bitshen\Desktop\git\光度\Broadcaster-CH592\LIB\libCH59xBLE.a(host_input.o)
                              C:\Users\bitshen\Desktop\git\光度\Broadcaster-CH592\LIB\libCH59xBLE.a(gap.o) (gBleHostPara)
C:\Users\bitshen\Desktop\git\光度\Broadcaster-CH592\LIB\libCH59xBLE.a(host_output.o)
                              C:\Users\bitshen\Desktop\git\光度\Broadcaster-CH592\LIB\libCH59xBLE.a(gap.o) (HCI_DisconnectCmd)
C:\Users\bitshen\Desktop\git\光度\Broadcaster-CH592\LIB\libCH59xBLE.a(ll_connect.o)
                              C:\Users\bitshen\Desktop\git\光度\Broadcaster-CH592\LIB\libCH59xBLE.a(tmos.o) (LL_GetNextConnectEventTime)
C:\Users\bitshen\Desktop\git\光度\Broadcaster-CH592\LIB\libCH59xBLE.a(ll_core.o)
                              C:\Users\bitshen\Desktop\git\光度\Broadcaster-CH592\LIB\libCH59xBLE.a(ll_connect.o) (LL_CoreGetCore)
C:\Users\bitshen\Desktop\git\光度\Broadcaster-CH592\LIB\libCH59xBLE.a(ll_hop.o)
                              C:\Users\bitshen\Desktop\git\光度\Broadcaster-CH592\LIB\libCH59xBLE.a(ll_connect.o) (LL_HopGetChannel)
[...]
Memory Configuration

Name             Origin             Length             Attributes
FLASH            0x0000000000000000 0x0000000000070000 xr
RAM              0x0000000020000000 0x0000000000006800 xrw
*default*        0x0000000000000000 0xffffffffffffffff

Linker script and memory map

LOAD ./StdPeriphDriver/CH59x_adc.o
LOAD ./StdPeriphDriver/CH59x_clk.o
LOAD ./StdPeriphDriver/CH59x_flash.o
LOAD ./StdPeriphDriver/CH59x_gpio.o
LOAD ./StdPeriphDriver/CH59x_i2c.o
LOAD ./StdPeriphDriver/CH59x_lcd.o
LOAD ./StdPeriphDriver/CH59x_pwr.o
LOAD ./StdPeriphDriver/CH59x_sys.o
LOAD ./StdPeriphDriver/CH59x_uart1.o
LOAD ./Startup/startup_CH592.o
LOAD ./RVMSIS/core_riscv.o
LOAD ./Profile/devinfoservice.o
LOAD ./LIB/ble_task_scheduler.o
LOAD ./HAL/MCU.o
LOAD ./HAL/RTC.o
LOAD ./HAL/SLEEP.o
LOAD ./APP/app_i2c.o
LOAD ./APP/broadcaster.o
LOAD ./APP/broadcaster_main.o
LOAD C:\Users\bitshen\Desktop\git\光度\Broadcaster-CH592\StdPeriphDriver\libISP592.a
LOAD C:\Users\bitshen\Desktop\git\光度\Broadcaster-CH592\LIB\libCH59xBLE.a
LOAD e:/mounriver/mounriver_studio/toolchain/risc-v embedded gcc12/bin/../lib/gcc/riscv-none-elf/12.2.0/../../../../riscv-none-elf/lib\libprintfloat.a
LOAD e:/mounriver/mounriver_studio/toolchain/risc-v embedded gcc12/bin/../lib/gcc/riscv-none-elf/12.2.0\libgcc.a
LOAD e:/mounriver/mounriver_studio/toolchain/risc-v embedded gcc12/bin/../lib/gcc/riscv-none-elf/12.2.0/../../../../riscv-none-elf/lib\libg_nano.a
LOAD e:/mounriver/mounriver_studio/toolchain/risc-v embedded gcc12/bin/../lib/gcc/riscv-none-elf/12.2.0/../../../../riscv-none-elf/lib\libc_nano.a
LOAD e:/mounriver/mounriver_studio/toolchain/risc-v embedded gcc12/bin/../lib/gcc/riscv-none-elf/12.2.0\libgcc.a
START GROUP
LOAD e:/mounriver/mounriver_studio/toolchain/risc-v embedded gcc12/bin/../lib/gcc/riscv-none-elf/12.2.0\libgcc.a
LOAD e:/mounriver/mounriver_studio/toolchain/risc-v embedded gcc12/bin/../lib/gcc/riscv-none-elf/12.2.0/../../../../riscv-none-elf/lib\libc_nano.a
LOAD e:/mounriver/mounriver_studio/toolchain/risc-v embedded gcc12/bin/../lib/gcc/riscv-none-elf/12.2.0/../../../../riscv-none-elf/lib\libnosys.a
END GROUP
START GROUP
LOAD e:/mounriver/mounriver_studio/toolchain/risc-v embedded gcc12/bin/../lib/gcc/riscv-none-elf/12.2.0\libgcc.a
LOAD e:/mounriver/mounriver_studio/toolchain/risc-v embedded gcc12/bin/../lib/gcc/riscv-none-elf/12.2.0/../../../../riscv-none-elf/lib\libc_nano.a
LOAD e:/mounriver/mounriver_studio/toolchain/risc-v embedded gcc12/bin/../lib/gcc/riscv-none-elf/12.2.0/../../../../riscv-none-elf/lib\libnosys.a
END GROUP

.init           0x0000000000000000        0x4
                0x0000000000000000                _sinit = .
                0x0000000000000000                . = ALIGN (0x4)
 *(SORT_NONE(.init))
 .init          0x0000000000000000        0x4 ./Startup/startup_CH592.o
                0x0000000000000000                _start
                0x0000000000000004                . = ALIGN (0x4)
                0x0000000000000004                _einit = .

.highcodelalign
                0x0000000000000004        0x0
                0x0000000000000004                . = ALIGN (0x4)
                0x0000000000000004                PROVIDE (_highcode_lma = .)

.highcode       0x0000000020000000     0x21a0 load address 0x0000000000000004
                0x0000000020000000                . = ALIGN (0x4)
                0x0000000020000000                PROVIDE (_highcode_vma_start = .)
 *(.vector)
 .vector        0x0000000020000000       0x90 ./Startup/startup_CH592.o
 *(SORT_NONE(.vector_handler))
 .vector_handler
                0x0000000020000090        0x2 ./Startup/startup_CH592.o
                0x0000000020000090                GPIOA_IRQHandler
                0x0000000020000090                SysTick_Handler
                0x0000000020000090                NMI_Handler
                0x0000000020000090                UART1_IRQHandler
                0x0000000020000090                UART0_IRQHandler
                0x0000000020000090                BB_IRQHandler
                0x0000000020000090                Break_Point_Handler
                0x0000000020000090                TMR0_IRQHandler
                0x0000000020000090                UART2_IRQHandler
                0x0000000020000090                PWMX_IRQHandler
                0x0000000020000090                ADC_IRQHandler
                0x0000000020000090                TMR2_IRQHandler
                0x0000000020000090                USB_IRQHandler
                0x0000000020000090                WDOG_BAT_IRQHandler
                0x0000000020000090                TMR3_IRQHandler
                0x0000000020000090                SW_Handler
                0x0000000020000090                SPI0_IRQHandler
                0x0000000020000090                UART3_IRQHandler
                0x0000000020000090                TMR1_IRQHandler
 *(.highcode)
 .highcode      0x0000000020000092      0x4e0 ./StdPeriphDriver/CH59x_pwr.o
                0x0000000020000092                LowPower_Idle
                0x00000000200000ce                LowPower_Halt
                0x00000000200001f4                LowPower_Sleep
                0x00000000200003fc                LowPower_Shutdown
 .highcode      0x0000000020000572      0x2b4 ./StdPeriphDriver/CH59x_sys.o
                0x0000000020000572                SetSysClock
                0x0000000020000714                SYS_ResetExecute
                0x000000002000076e                HardFault_Handler
                0x00000000200007f0                mDelayuS
                0x00000000200007fe                mDelaymS
 *fill*         0x0000000020000826        0x2 
 .highcode      0x0000000020000828       0x4e ./LIB/ble_task_scheduler.o
                0x0000000020000828                Ecall_U_Mode_Handler
                0x0000000020000828                Ecall_M_Mode_Handler
 .highcode      0x0000000020000876       0x2e ./HAL/RTC.o
                0x000000002000088e                RTC_IRQHandler
 .highcode      0x00000000200008a4      0x430 ./APP/app_i2c.o
                0x00000000200008a4                I2C_IRQHandler
 .highcode      0x0000000020000cd4      0x1a6 ./APP/broadcaster.o
                0x0000000020000cd4                sample_battery_voltage
                0x0000000020000d5a                opt3001_start
                0x0000000020000d94                Read_GPIO_PB12
                0x0000000020000daa                opt3001_read_lux
                0x0000000020000e1e                update_advert_data
 .highcode      0x0000000020000e7a       0x54 ./APP/broadcaster_main.o
                0x0000000020000e7a                Main_Circulation
                0x0000000020000e84                GPIOB_IRQHandler
 .highcode      0x0000000020000ece      0x426 C:\Users\bitshen\Desktop\git\光度\Broadcaster-CH592\StdPeriphDriver\libISP592.a(ISP583.o)
                0x0000000020000ece                FLASH_ROM_BEG
                0x0000000020000ee0                FLASH_ROM_END
                0x0000000020000eee                FLASH_ROM_IN
                0x0000000020000efc                FLASH_ROM_OUT
                0x0000000020000f0a                FLASH_ROM_ADDR
                0x0000000020000f52                FLASH_ROM_WAIT
                0x0000000020000f8a                FLASH_EEPROM_CMD
 .highcode      0x00000000200012f4      0x56e C:\Users\bitshen\Desktop\git\光度\Broadcaster-CH592\LIB\libCH59xBLE.a(tmos.o)
                0x00000000200012f4                tmos_memcpy
                0x000000002000132e                tmos_memcpy_word
                0x000000002000135e                tmos_memset
                0x000000002000138c                tmos_strlen
                0x00000000200013b8                tmos_memdup
                0x0000000020001406                tmos_memcmp
                0x0000000020001450                tmos_revmemcpy
                0x0000000020001484                tmos_isbufset
                0x0000000020001606                ble_controller_func
                0x0000000020001646                TMOS_SystemProcess
 .highcode      0x0000000020001862       0x36 C:\Users\bitshen\Desktop\git\光度\Broadcaster-CH592\LIB\libCH59xBLE.a(tmos_hw.o)
 .highcode      0x0000000020001898       0x4e C:\Users\bitshen\Desktop\git\光度\Broadcaster-CH592\LIB\libCH59xBLE.a(ll_whitelist.o)
                0x0000000020001898                LL_WhitelistLookup
 .highcode      0x00000000200018e6      0x10c C:\Users\bitshen\Desktop\git\光度\Broadcaster-CH592\LIB\libCH59xBLE.a(bb.o)
                0x00000000200018e6                BB_IRQLibHandler
                0x00000000200019ec                BB_IRQLibFunction
 .highcode      0x00000000200019f2      0x1e6 C:\Users\bitshen\Desktop\git\光度\Broadcaster-CH592\LIB\libCH59xBLE.a(ip.o)
                0x00000000200019f2                ll_rx_wait_finish
                0x0000000020001a30                ble_ll_chkcrc
                0x0000000020001ac2                ll_tx_wait_finish
 .highcode      0x0000000020001bd8      0x1f8 C:\Users\bitshen\Desktop\git\光度\Broadcaster-CH592\LIB\libCH59xBLE.a(lle.o)
                0x0000000020001bd8                LLE_IRQSubHandler
 .highcode      0x0000000020001dd0       0x3a C:\Users\bitshen\Desktop\git\光度\Broadcaster-CH592\LIB\libCH59xBLE.a(rfend.o)
                0x0000000020001dd0                RFEND_WaitTune
 .highcode      0x0000000020001e0a      0x1ee C:\Users\bitshen\Desktop\git\光度\Broadcaster-CH592\LIB\libCH59xBLE.a(memory.o)
                0x0000000020001e0a                tmos_memory_allocate
                0x0000000020001ef8                tmos_memory_free
 .highcode      0x0000000020001ff8       0xd8 C:\Users\bitshen\Desktop\git\光度\Broadcaster-CH592\LIB\libCH59xBLE.a(ll_resolvinglist.o)
                0x0000000020001ff8                LL_ResolvinglistPeerIdentifyAddressGetIrk
                0x000000002000204c                LL_ResolvinglistPeerRpaAddressGetIrk
                0x000000002000208e                LL_ResolvinglistLocalRpaAddressGetIrk
 *(.highcode.*)
 *fill*         0x00000000200020d0        0x0 
 .highcode.LLE_IRQHandler
                0x00000000200020d0       0x86 ./LIB/ble_task_scheduler.o
                0x00000000200020d0                LLE_IRQHandler
 *fill*         0x0000000020002156        0x2 
 .highcode.ble_controller_scheduler
                0x0000000020002158        0xa C:\Users\bitshen\Desktop\git\光度\Broadcaster-CH592\LIB\libCH59xBLE.a(ble_task_process.o)
 *fill*         0x0000000020002162        0x2 
 .highcode.LLE_IRQLibHandler
                0x0000000020002164       0x3a C:\Users\bitshen\Desktop\git\光度\Broadcaster-CH592\LIB\libCH59xBLE.a(ble_task_process.o)
                0x0000000020002164                LLE_IRQLibHandler
                0x00000000200021a0                . = ALIGN (0x4)
 *fill*         0x000000002000219e        0x2 
                0x00000000200021a0                PROVIDE (_highcode_vma_end = .)

.text           0x00000000000021a4    0x1bc1c
                0x00000000000021a4                . = ALIGN (0x4)
 *(SORT_NONE(.handle_reset))
 .handle_reset  0x00000000000021a4       0xae ./Startup/startup_CH592.o
                0x00000000000021a4                handle_reset
 *(.text)
 .text          0x0000000000002252       0x16 e:/mounriver/mounriver_studio/toolchain/risc-v embedded gcc12/bin/../lib/gcc/riscv-none-elf/12.2.0/../../../../riscv-none-elf/lib\libg_nano.a(lib_a-memcpy-asm.o)
                0x0000000000002252                memcpy
 *(.text.*)
 .text.ADC_DataCalib_Rough
                0x0000000000002268       0x92 ./StdPeriphDriver/CH59x_adc.o
                0x0000000000002268                ADC_DataCalib_Rough
 .text.ADC_InterBATSampInit
                0x00000000000022fa       0x2a ./StdPeriphDriver/CH59x_adc.o
                0x00000000000022fa                ADC_InterBATSampInit
 .text.ADC_ExcutSingleConver
                0x0000000000002324       0x22 ./StdPeriphDriver/CH59x_adc.o
                0x0000000000002324                ADC_ExcutSingleConver
 .text.HSECFG_Current
                0x0000000000002346       0x4e ./StdPeriphDriver/CH59x_clk.o
                0x0000000000002346                HSECFG_Current
 .text.RTC_InitTime
                0x0000000000002394      0x1e8 ./StdPeriphDriver/CH59x_clk.o
                0x0000000000002394                RTC_InitTime
 .text.RTC_GetCycle32k
                0x000000000000257c       0x18 ./StdPeriphDriver/CH59x_clk.o
                0x000000000000257c                RTC_GetCycle32k
 .text.GPIOA_ModeCfg
                0x0000000000002594       0x9e ./StdPeriphDriver/CH59x_gpio.o
                0x0000000000002594                GPIOA_ModeCfg
 .text.GPIOB_ModeCfg
                0x0000000000002632       0x9e ./StdPeriphDriver/CH59x_gpio.o
                0x0000000000002632                GPIOB_ModeCfg
 .text.GPIOB_ITModeCfg
                0x00000000000026d0       0x7e ./StdPeriphDriver/CH59x_gpio.o
                0x00000000000026d0                GPIOB_ITModeCfg
 .text.I2C_GenerateSTART
                0x000000000000274e       0x22 ./StdPeriphDriver/CH59x_i2c.o
                0x000000000000274e                I2C_GenerateSTART
 .text.I2C_GenerateSTOP
                0x0000000000002770       0x22 ./StdPeriphDriver/CH59x_i2c.o
                0x0000000000002770                I2C_GenerateSTOP
 .text.I2C_AcknowledgeConfig
                0x0000000000002792       0x22 ./StdPeriphDriver/CH59x_i2c.o
                0x0000000000002792                I2C_AcknowledgeConfig
 .text.I2C_ITConfig
                0x00000000000027b4       0x1e ./StdPeriphDriver/CH59x_i2c.o
                0x00000000000027b4                I2C_ITConfig
 .text.I2C_SendData
                0x00000000000027d2        0xa ./StdPeriphDriver/CH59x_i2c.o
                0x00000000000027d2                I2C_SendData
 .text.I2C_ReceiveData
                0x00000000000027dc        0xe ./StdPeriphDriver/CH59x_i2c.o
                0x00000000000027dc                I2C_ReceiveData
 .text.I2C_SoftwareResetCmd
                0x00000000000027ea       0x1a ./StdPeriphDriver/CH59x_i2c.o
                0x00000000000027ea                I2C_SoftwareResetCmd
 .text.I2C_Init
                0x0000000000002804      0x16c ./StdPeriphDriver/CH59x_i2c.o
                0x0000000000002804                I2C_Init
 .text.I2C_GetLastEvent
                0x0000000000002970       0x16 ./StdPeriphDriver/CH59x_i2c.o
                0x0000000000002970                I2C_GetLastEvent
 .text.I2C_ClearFlag
                0x0000000000002986       0x12 ./StdPeriphDriver/CH59x_i2c.o
                0x0000000000002986                I2C_ClearFlag
 .text.PWR_DCDCCfg
                0x0000000000002998      0x120 ./StdPeriphDriver/CH59x_pwr.o
                0x0000000000002998                PWR_DCDCCfg
 .text.PWR_PeriphWakeUpCfg
                0x0000000000002ab8       0xfa ./StdPeriphDriver/CH59x_pwr.o
                0x0000000000002ab8                PWR_PeriphWakeUpCfg
 .text.GetSysClock
                0x0000000000002bb2       0x3e ./StdPeriphDriver/CH59x_sys.o
                0x0000000000002bb2                GetSysClock
 .text.SYS_DisableAllIrq
                0x0000000000002bf0       0x1c ./StdPeriphDriver/CH59x_sys.o
                0x0000000000002bf0                SYS_DisableAllIrq
 .text.SYS_RecoverIrq
                0x0000000000002c0c       0x14 ./StdPeriphDriver/CH59x_sys.o
                0x0000000000002c0c                SYS_RecoverIrq
 .text.SYS_GetSysTickCnt
                0x0000000000002c20        0xa ./StdPeriphDriver/CH59x_sys.o
                0x0000000000002c20                SYS_GetSysTickCnt
 .text.HAL_ProcessEvent
                0x0000000000002c2a       0x56 ./HAL/MCU.o
                0x0000000000002c2a                HAL_ProcessEvent
 .text.CH59x_BLEInit
                0x0000000000002c80       0xec ./HAL/MCU.o
                0x0000000000002c80                CH59x_BLEInit
 .text.HAL_Init
                0x0000000000002d6c       0x1c ./HAL/MCU.o
                0x0000000000002d6c                HAL_Init
 .text.RTC_SetTignTime
                0x0000000000002d88       0x44 ./HAL/RTC.o
                0x0000000000002d88                RTC_SetTignTime
 .text.HAL_TimeInit
                0x0000000000002dcc       0xbe ./HAL/RTC.o
                0x0000000000002dcc                HAL_TimeInit
 .text.CH59x_LowPower
                0x0000000000002e8a       0x8a ./HAL/SLEEP.o
                0x0000000000002e8a                CH59x_LowPower
 .text.HAL_SleepInit
                0x0000000000002f14       0x8a ./HAL/SLEEP.o
                0x0000000000002f14                HAL_SleepInit
 .text.i2c_app_init
                0x0000000000002f9e       0x5a ./APP/app_i2c.o
                0x0000000000002f9e                i2c_app_init
 .text.i2c_write_to
                0x0000000000002ff8       0xd6 ./APP/app_i2c.o
                0x0000000000002ff8                i2c_write_to
 .text.i2c_read_from
                0x00000000000030ce      0x10a ./APP/app_i2c.o
                0x00000000000030ce                i2c_read_from
 .text.Broadcaster_StateNotificationCB
                0x00000000000031d8        0x2 ./APP/broadcaster.o
 .text.Broadcaster_ProcessEvent
                0x00000000000031da       0xbe ./APP/broadcaster.o
                0x00000000000031da                Broadcaster_ProcessEvent
 .text.Broadcaster_Init
                0x0000000000003298       0x98 ./APP/broadcaster.o
                0x0000000000003298                Broadcaster_Init
 .text.startup.main
                0x0000000000003330       0x70 ./APP/broadcaster_main.o
                0x0000000000003330                main
 .text.tmos_msg_enqueue
                0x00000000000033a0       0x1e C:\Users\bitshen\Desktop\git\光度\Broadcaster-CH592\LIB\libCH59xBLE.a(message.o)
                0x00000000000033a0                tmos_msg_enqueue
 .text.tmos_msg_deallocate
                0x00000000000033be       0x4e C:\Users\bitshen\Desktop\git\光度\Broadcaster-CH592\LIB\libCH59xBLE.a(message.o)
                0x00000000000033be                tmos_msg_deallocate
 .text.tmos_msg_allocate
                0x000000000000340c       0x68 C:\Users\bitshen\Desktop\git\光度\Broadcaster-CH592\LIB\libCH59xBLE.a(message.o)
                0x000000000000340c                tmos_msg_allocate
 .text.tmos_msg_receive
                0x0000000000003474       0x86 C:\Users\bitshen\Desktop\git\光度\Broadcaster-CH592\LIB\libCH59xBLE.a(message.o)
                0x0000000000003474                tmos_msg_receive
 .text.tmos_msg_send
                0x00000000000034fa       0x8c C:\Users\bitshen\Desktop\git\光度\Broadcaster-CH592\LIB\libCH59xBLE.a(message.o)
                0x00000000000034fa                tmos_msg_send
 .text.tmos_msg_init
                0x0000000000003586        0xa C:\Users\bitshen\Desktop\git\光度\Broadcaster-CH592\LIB\libCH59xBLE.a(message.o)
                0x0000000000003586                tmos_msg_init
 .text.tmosFindTask
                0x0000000000003590       0x24 C:\Users\bitshen\Desktop\git\光度\Broadcaster-CH592\LIB\libCH59xBLE.a(tmos.o)
 .text.TMOS_CB_PeriodicProcessEvent
                0x00000000000035b4       0x86 C:\Users\bitshen\Desktop\git\光度\Broadcaster-CH592\LIB\libCH59xBLE.a(tmos.o)
                0x00000000000035b4                TMOS_CB_PeriodicProcessEvent
 .text.TMOS_CB_ProcessEvent
                0x000000000000363a       0x80 C:\Users\bitshen\Desktop\git\光度\Broadcaster-CH592\LIB\libCH59xBLE.a(tmos.o)
                0x000000000000363a                TMOS_CB_ProcessEvent
 .text.tmos_rand
                0x00000000000036ba       0x70 C:\Users\bitshen\Desktop\git\光度\Broadcaster-CH592\LIB\libCH59xBLE.a(tmos.o)
                0x00000000000036ba                tmos_rand
 .text.tmos_start_periodic_callback_task
                0x000000000000372a      0x11a C:\Users\bitshen\Desktop\git\光度\Broadcaster-CH592\LIB\libCH59xBLE.a(tmos.o)
                0x000000000000372a                tmos_start_periodic_callback_task
 .text.tmos_set_event
                0x0000000000003844       0x46 C:\Users\bitshen\Desktop\git\光度\Broadcaster-CH592\LIB\libCH59xBLE.a(tmos.o)
                0x0000000000003844                tmos_set_event
 .text.tmos_clear_event
                0x000000000000388a       0x4a C:\Users\bitshen\Desktop\git\光度\Broadcaster-CH592\LIB\libCH59xBLE.a(tmos.o)
                0x000000000000388a                tmos_clear_event
 .text.tmos_update_callback_timer
                0x00000000000038d4       0xde C:\Users\bitshen\Desktop\git\光度\Broadcaster-CH592\LIB\libCH59xBLE.a(tmos.o)
                0x00000000000038d4                tmos_update_callback_timer
 .text.tmos_start_task
                0x00000000000039b2      0x15e C:\Users\bitshen\Desktop\git\光度\Broadcaster-CH592\LIB\libCH59xBLE.a(tmos.o)
                0x00000000000039b2                tmos_start_task
 .text.tmos_start_callback_task
                0x0000000000003b10       0xc2 C:\Users\bitshen\Desktop\git\光度\Broadcaster-CH592\LIB\libCH59xBLE.a(tmos.o)
                0x0000000000003b10                tmos_start_callback_task
 .text.tmos_start_reload_task
                0x0000000000003bd2       0x70 C:\Users\bitshen\Desktop\git\光度\Broadcaster-CH592\LIB\libCH59xBLE.a(tmos.o)
                0x0000000000003bd2                tmos_start_reload_task
 .text.tmos_stop_task
                0x0000000000003c42       0x6c C:\Users\bitshen\Desktop\git\光度\Broadcaster-CH592\LIB\libCH59xBLE.a(tmos.o)
                0x0000000000003c42                tmos_stop_task
 .text.tmos_stop_callback_task
                0x0000000000003cae       0x7c C:\Users\bitshen\Desktop\git\光度\Broadcaster-CH592\LIB\libCH59xBLE.a(tmos.o)
                0x0000000000003cae                tmos_stop_callback_task
 .text.tmos_get_task_timer
                0x0000000000003d2a       0x7e C:\Users\bitshen\Desktop\git\光度\Broadcaster-CH592\LIB\libCH59xBLE.a(tmos.o)
                0x0000000000003d2a                tmos_get_task_timer
 .text.tmos_proces_idle
                0x0000000000003da8      0x124 C:\Users\bitshen\Desktop\git\光度\Broadcaster-CH592\LIB\libCH59xBLE.a(tmos.o)
                0x0000000000003da8                tmos_proces_idle
 .text.TMOS_TimerRegister
                0x0000000000003ecc       0x1e C:\Users\bitshen\Desktop\git\光度\Broadcaster-CH592\LIB\libCH59xBLE.a(tmos.o)
                0x0000000000003ecc                TMOS_TimerRegister
 .text.TMOS_ProcessRegister
                0x0000000000003eea       0x16 C:\Users\bitshen\Desktop\git\光度\Broadcaster-CH592\LIB\libCH59xBLE.a(tmos.o)
                0x0000000000003eea                TMOS_ProcessRegister
 .text.TMOS_SysRegister
                0x0000000000003f00       0x16 C:\Users\bitshen\Desktop\git\光度\Broadcaster-CH592\LIB\libCH59xBLE.a(tmos.o)
                0x0000000000003f00                TMOS_SysRegister
 .text.TMOS_Init
                0x0000000000003f16      0x13e C:\Users\bitshen\Desktop\git\光度\Broadcaster-CH592\LIB\libCH59xBLE.a(tmos.o)
                0x0000000000003f16                TMOS_Init
 .text.TMOS_ProcessEventRegister
                0x0000000000004054       0x3c C:\Users\bitshen\Desktop\git\光度\Broadcaster-CH592\LIB\libCH59xBLE.a(tmos.o)
                0x0000000000004054                TMOS_ProcessEventRegister
 .text.BLE_LibInit
                0x0000000000004090      0x14c C:\Users\bitshen\Desktop\git\光度\Broadcaster-CH592\LIB\libCH59xBLE.a(tmos.o)
                0x0000000000004090                BLE_LibInit
 .text.clockGetTickValve
                0x00000000000041dc       0x7e C:\Users\bitshen\Desktop\git\光度\Broadcaster-CH592\LIB\libCH59xBLE.a(tmos_hw.o)
 .text.ll_get_sca_own
                0x000000000000425a       0x46 C:\Users\bitshen\Desktop\git\光度\Broadcaster-CH592\LIB\libCH59xBLE.a(tmos_hw.o)
                0x000000000000425a                ll_get_sca_own
 .text.ble_ll_common_rand8
                0x00000000000042a0       0x24 C:\Users\bitshen\Desktop\git\光度\Broadcaster-CH592\LIB\libCH59xBLE.a(tmos_hw.o)
                0x00000000000042a0                ble_ll_common_rand8
 .text.ble_ll_common_rand16
                0x00000000000042c4       0x24 C:\Users\bitshen\Desktop\git\光度\Broadcaster-CH592\LIB\libCH59xBLE.a(tmos_hw.o)
                0x00000000000042c4                ble_ll_common_rand16
 .text.ble_ll_common_rand32
                0x00000000000042e8       0x20 C:\Users\bitshen\Desktop\git\光度\Broadcaster-CH592\LIB\libCH59xBLE.a(tmos_hw.o)
                0x00000000000042e8                ble_ll_common_rand32
 .text.TMOS_TempSample
                0x0000000000004308       0x62 C:\Users\bitshen\Desktop\git\光度\Broadcaster-CH592\LIB\libCH59xBLE.a(tmos_hw.o)
                0x0000000000004308                TMOS_TempSample
 .text.TMOS_TimerInit
                0x000000000000436a       0xec C:\Users\bitshen\Desktop\git\光度\Broadcaster-CH592\LIB\libCH59xBLE.a(tmos_hw.o)
                0x000000000000436a                TMOS_TimerInit
 .text.tmos_snv_init
                0x0000000000004456       0xc0 C:\Users\bitshen\Desktop\git\光度\Broadcaster-CH592\LIB\libCH59xBLE.a(tmos_snv.o)
                0x0000000000004456                tmos_snv_init
 .text.tmos_snv_read
                0x0000000000004516      0x294 C:\Users\bitshen\Desktop\git\光度\Broadcaster-CH592\LIB\libCH59xBLE.a(tmos_snv.o)
                0x0000000000004516                tmos_snv_read
 .text.tmos_snv_notify
                0x00000000000047aa       0x5a C:\Users\bitshen\Desktop\git\光度\Broadcaster-CH592\LIB\libCH59xBLE.a(tmos_snv.o)
                0x00000000000047aa                tmos_snv_notify
 .text.tmos_snv_write
                0x0000000000004804      0x2d2 C:\Users\bitshen\Desktop\git\光度\Broadcaster-CH592\LIB\libCH59xBLE.a(tmos_snv.o)
                0x0000000000004804                tmos_snv_write
 .text.tmos_snv_compact
                0x0000000000004ad6        0x4 C:\Users\bitshen\Desktop\git\光度\Broadcaster-CH592\LIB\libCH59xBLE.a(tmos_snv.o)
                0x0000000000004ad6                tmos_snv_compact
 .text.disconnectNext
                0x0000000000004ada       0x22 C:\Users\bitshen\Desktop\git\光度\Broadcaster-CH592\LIB\libCH59xBLE.a(gap.o)
 .text.GAP_ParamInit
                0x0000000000004afc      0x164 C:\Users\bitshen\Desktop\git\光度\Broadcaster-CH592\LIB\libCH59xBLE.a(gap.o)
                0x0000000000004afc                GAP_ParamInit
 .text.sendTerminateEvent
                0x0000000000004c60       0x58 C:\Users\bitshen\Desktop\git\光度\Broadcaster-CH592\LIB\libCH59xBLE.a(gap.o)
                0x0000000000004c60                sendTerminateEvent
 .text.gapRegisterCentral
                0x0000000000004cb8        0x6 C:\Users\bitshen\Desktop\git\光度\Broadcaster-CH592\LIB\libCH59xBLE.a(gap.o)
                0x0000000000004cb8                gapRegisterCentral
 .text.gapRegisterCentralConn
                0x0000000000004cbe        0x6 C:\Users\bitshen\Desktop\git\光度\Broadcaster-CH592\LIB\libCH59xBLE.a(gap.o)
                0x0000000000004cbe                gapRegisterCentralConn
 .text.gapRegisterPeripheral
                0x0000000000004cc4        0x6 C:\Users\bitshen\Desktop\git\光度\Broadcaster-CH592\LIB\libCH59xBLE.a(gap.o)
                0x0000000000004cc4                gapRegisterPeripheral
 .text.gapRegisterPeripheralConn
                0x0000000000004cca        0x6 C:\Users\bitshen\Desktop\git\光度\Broadcaster-CH592\LIB\libCH59xBLE.a(gap.o)
                0x0000000000004cca                gapRegisterPeripheralConn
 .text.smGenerateRandBuf
                0x0000000000004cd0       0x56 C:\Users\bitshen\Desktop\git\光度\Broadcaster-CH592\LIB\libCH59xBLE.a(gap.o)
                0x0000000000004cd0                smGenerateRandBuf
 .text.gapL2capConnParamUpdateReq
                0x0000000000004d26       0x36 C:\Users\bitshen\Desktop\git\光度\Broadcaster-CH592\LIB\libCH59xBLE.a(gap.o)
                0x0000000000004d26                gapL2capConnParamUpdateReq
 .text.gapValidADType
                0x0000000000004d5c       0x16 C:\Users\bitshen\Desktop\git\光度\Broadcaster-CH592\LIB\libCH59xBLE.a(gap.o)
                0x0000000000004d5c                gapValidADType
 .text.gapFindADType
                0x0000000000004d72       0x92 C:\Users\bitshen\Desktop\git\光度\Broadcaster-CH592\LIB\libCH59xBLE.a(gap.o)
                0x0000000000004d72                gapFindADType
 .text.GAP_SecParamsInit
                0x0000000000004e04       0xaa C:\Users\bitshen\Desktop\git\光度\Broadcaster-CH592\LIB\libCH59xBLE.a(gap.o)
                0x0000000000004e04                GAP_SecParamsInit
 .text.GAP_ParamsInit
                0x0000000000004eae       0x50 C:\Users\bitshen\Desktop\git\光度\Broadcaster-CH592\LIB\libCH59xBLE.a(gap.o)
                0x0000000000004eae                GAP_ParamsInit
 .text.gapAddAddrAdj
                0x0000000000004efe       0x48 C:\Users\bitshen\Desktop\git\光度\Broadcaster-CH592\LIB\libCH59xBLE.a(gap.o)
                0x0000000000004efe                gapAddAddrAdj
 .text.gapDetermineAddrType
                0x0000000000004f46       0x28 C:\Users\bitshen\Desktop\git\光度\Broadcaster-CH592\LIB\libCH59xBLE.a(gap.o)
                0x0000000000004f46                gapDetermineAddrType
 .text.gapFreeAuthLink
                0x0000000000004f6e       0x4a C:\Users\bitshen\Desktop\git\光度\Broadcaster-CH592\LIB\libCH59xBLE.a(gap.o)
                0x0000000000004f6e                gapFreeAuthLink
 .text.gapGetDevAddress
                0x0000000000004fb8       0x24 C:\Users\bitshen\Desktop\git\光度\Broadcaster-CH592\LIB\libCH59xBLE.a(gap.o)
                0x0000000000004fb8                gapGetDevAddress
 .text.gapGetDevAddressMode
                0x0000000000004fdc        0xa C:\Users\bitshen\Desktop\git\光度\Broadcaster-CH592\LIB\libCH59xBLE.a(gap.o)
                0x0000000000004fdc                gapGetDevAddressMode
 .text.gapGetIRK
                0x0000000000004fe6        0xc C:\Users\bitshen\Desktop\git\光度\Broadcaster-CH592\LIB\libCH59xBLE.a(gap.o)
                0x0000000000004fe6                gapGetIRK
 .text.gapGetSRK
                0x0000000000004ff2        0xc C:\Users\bitshen\Desktop\git\光度\Broadcaster-CH592\LIB\libCH59xBLE.a(gap.o)
                0x0000000000004ff2                gapGetSRK
 .text.gapGetSignCounter
                0x0000000000004ffe        0xe C:\Users\bitshen\Desktop\git\光度\Broadcaster-CH592\LIB\libCH59xBLE.a(gap.o)
                0x0000000000004ffe                gapGetSignCounter
 .text.gapIncSignCounter
                0x000000000000500c       0x28 C:\Users\bitshen\Desktop\git\光度\Broadcaster-CH592\LIB\libCH59xBLE.a(gap.o)
                0x000000000000500c                gapIncSignCounter
 .text.gapProcessConnEvt
                0x0000000000005034       0x48 C:\Users\bitshen\Desktop\git\光度\Broadcaster-CH592\LIB\libCH59xBLE.a(gap.o)
                0x0000000000005034                gapProcessConnEvt
 .text.gapProcessDisconnectCompleteEvt
                0x000000000000507c       0xa6 C:\Users\bitshen\Desktop\git\光度\Broadcaster-CH592\LIB\libCH59xBLE.a(gap.o)
                0x000000000000507c                gapProcessDisconnectCompleteEvt
 .text.sendAuthEvent
                0x0000000000005122      0x11e C:\Users\bitshen\Desktop\git\光度\Broadcaster-CH592\LIB\libCH59xBLE.a(gap.o)
                0x0000000000005122                sendAuthEvent
 .text.gapSendBondCompleteEvent
                0x0000000000005240       0x74 C:\Users\bitshen\Desktop\git\光度\Broadcaster-CH592\LIB\libCH59xBLE.a(gap.o)
                0x0000000000005240                gapSendBondCompleteEvent
 .text.gapSendPairingReqEvent
                0x00000000000052b4       0x96 C:\Users\bitshen\Desktop\git\光度\Broadcaster-CH592\LIB\libCH59xBLE.a(gap.o)
                0x00000000000052b4                gapSendPairingReqEvent
 .text.gapSendSlaveSecurityReqEvent
                0x000000000000534a       0x68 C:\Users\bitshen\Desktop\git\光度\Broadcaster-CH592\LIB\libCH59xBLE.a(gap.o)
                0x000000000000534a                gapSendSlaveSecurityReqEvent
 .text.gapSendDeviceInitDoneEvent
                0x00000000000053b2       0x88 C:\Users\bitshen\Desktop\git\光度\Broadcaster-CH592\LIB\libCH59xBLE.a(gap.o)
                0x00000000000053b2                gapSendDeviceInitDoneEvent
 .text.gapSendLinkUpdateEvent
                0x000000000000543a       0xb2 C:\Users\bitshen\Desktop\git\光度\Broadcaster-CH592\LIB\libCH59xBLE.a(gap.o)
                0x000000000000543a                gapSendLinkUpdateEvent
 .text.gapSendPhyUpdateEvent
                0x00000000000054ec       0x58 C:\Users\bitshen\Desktop\git\光度\Broadcaster-CH592\LIB\libCH59xBLE.a(gap.o)
                0x00000000000054ec                gapSendPhyUpdateEvent
 .text.gapSendEstLinkEvent
                0x0000000000005544       0xbc C:\Users\bitshen\Desktop\git\光度\Broadcaster-CH592\LIB\libCH59xBLE.a(gap.o)
                0x0000000000005544                gapSendEstLinkEvent
 .text.gapProcessNewAddr
                0x0000000000005600       0x3e C:\Users\bitshen\Desktop\git\光度\Broadcaster-CH592\LIB\libCH59xBLE.a(gap.o)
                0x0000000000005600                gapProcessNewAddr
 .text.gapProcessRandomAddrComplete
                0x000000000000563e       0xb6 C:\Users\bitshen\Desktop\git\光度\Broadcaster-CH592\LIB\libCH59xBLE.a(gap.o)
                0x000000000000563e                gapProcessRandomAddrComplete
 .text.GAP_Authenticate
                0x00000000000056f4       0xde C:\Users\bitshen\Desktop\git\光度\Broadcaster-CH592\LIB\libCH59xBLE.a(gap.o)
                0x00000000000056f4                GAP_Authenticate
 .text.GAP_Bond
                0x00000000000057d2       0xaa C:\Users\bitshen\Desktop\git\光度\Broadcaster-CH592\LIB\libCH59xBLE.a(gap.o)
                0x00000000000057d2                GAP_Bond
 .text.GAP_GetParamValue
                0x000000000000587c       0x20 C:\Users\bitshen\Desktop\git\光度\Broadcaster-CH592\LIB\libCH59xBLE.a(gap.o)
                0x000000000000587c                GAP_GetParamValue
 .text.GAP_PasscodeUpdate
                0x000000000000589c       0x54 C:\Users\bitshen\Desktop\git\光度\Broadcaster-CH592\LIB\libCH59xBLE.a(gap.o)
                0x000000000000589c                GAP_PasscodeUpdate
 .text.GAP_RegisterForMsgs
                0x00000000000058f0        0xa C:\Users\bitshen\Desktop\git\光度\Broadcaster-CH592\LIB\libCH59xBLE.a(gap.o)
                0x00000000000058f0                GAP_RegisterForMsgs
 .text.GAP_ResolvePrivateAddr
                0x00000000000058fa        0x4 C:\Users\bitshen\Desktop\git\光度\Broadcaster-CH592\LIB\libCH59xBLE.a(gap.o)
                0x00000000000058fa                GAP_ResolvePrivateAddr
 .text.gapPairingCompleteCB
                0x00000000000058fe      0x18c C:\Users\bitshen\Desktop\git\光度\Broadcaster-CH592\LIB\libCH59xBLE.a(gap.o)
                0x00000000000058fe                gapPairingCompleteCB
 .text.gapPasskeyNeededCB
                0x0000000000005a8a       0x8e C:\Users\bitshen\Desktop\git\光度\Broadcaster-CH592\LIB\libCH59xBLE.a(gap.o)
                0x0000000000005a8a                gapPasskeyNeededCB
 .text.gapOobNeededCB
                0x0000000000005b18       0xa6 C:\Users\bitshen\Desktop\git\光度\Broadcaster-CH592\LIB\libCH59xBLE.a(gap.o)
                0x0000000000005b18                gapOobNeededCB
 .text.gapFreeEstLink
                0x0000000000005bbe       0x20 C:\Users\bitshen\Desktop\git\光度\Broadcaster-CH592\LIB\libCH59xBLE.a(gap.o)
                0x0000000000005bbe                gapFreeEstLink
 .text.gapUpdateConnSignCounter
                0x0000000000005bde       0x7a C:\Users\bitshen\Desktop\git\光度\Broadcaster-CH592\LIB\libCH59xBLE.a(gap.o)
                0x0000000000005bde                gapUpdateConnSignCounter
 .text.GAP_TerminateAuth
                0x0000000000005c58       0x2a C:\Users\bitshen\Desktop\git\光度\Broadcaster-CH592\LIB\libCH59xBLE.a(gap.o)
                0x0000000000005c58                GAP_TerminateAuth
 .text.GAP_NumActiveConnections
                0x0000000000005c82        0x4 C:\Users\bitshen\Desktop\git\光度\Broadcaster-CH592\LIB\libCH59xBLE.a(gap.o)
                0x0000000000005c82                GAP_NumActiveConnections
 .text.GAP_TerminateLinkReq
                0x0000000000005c86       0x8e C:\Users\bitshen\Desktop\git\光度\Broadcaster-CH592\LIB\libCH59xBLE.a(gap.o)
                0x0000000000005c86                GAP_TerminateLinkReq
 .text.GAP_SetParamValue
                0x0000000000005d14       0x6c C:\Users\bitshen\Desktop\git\光度\Broadcaster-CH592\LIB\libCH59xBLE.a(gap.o)
                0x0000000000005d14                GAP_SetParamValue
 .text.GAP_Init
                0x0000000000005d80       0x48 C:\Users\bitshen\Desktop\git\光度\Broadcaster-CH592\LIB\libCH59xBLE.a(gap.o)
                0x0000000000005d80                GAP_Init
 .text.GAP_ProcessEvent
                0x0000000000005dc8      0x66a C:\Users\bitshen\Desktop\git\光度\Broadcaster-CH592\LIB\libCH59xBLE.a(gap.o)
                0x0000000000005dc8                GAP_ProcessEvent
 .text.gapSendScanEnable
                0x0000000000006432       0x3a C:\Users\bitshen\Desktop\git\光度\Broadcaster-CH592\LIB\libCH59xBLE.a(gap_central.o)
 .text.gapCentProcessConnEvt
                0x000000000000646c      0x168 C:\Users\bitshen\Desktop\git\光度\Broadcaster-CH592\LIB\libCH59xBLE.a(gap_central.o)
                0x000000000000646c                gapCentProcessConnEvt
 .text.gapProcessScanningPeriodicAdvEvt
                0x00000000000065d4       0xa0 C:\Users\bitshen\Desktop\git\光度\Broadcaster-CH592\LIB\libCH59xBLE.a(gap_central.o)
                0x00000000000065d4                gapProcessScanningPeriodicAdvEvt
 .text.gapCancelLinkReq
                0x0000000000006674       0x38 C:\Users\bitshen\Desktop\git\光度\Broadcaster-CH592\LIB\libCH59xBLE.a(gap_central.o)
                0x0000000000006674                gapCancelLinkReq
 .text.gapProcessAdvertDevInfo
                0x00000000000066ac      0x242 C:\Users\bitshen\Desktop\git\光度\Broadcaster-CH592\LIB\libCH59xBLE.a(gap_central.o)
                0x00000000000066ac                gapProcessAdvertDevInfo
 .text.gapProcessExtAdvertDevInfo
                0x00000000000068ee      0x260 C:\Users\bitshen\Desktop\git\光度\Broadcaster-CH592\LIB\libCH59xBLE.a(gap_central.o)
                0x00000000000068ee                gapProcessExtAdvertDevInfo
 .text.gapProcessPeriodicAdvertisingSyncEstablishedEvt
                0x0000000000006b4e       0xae C:\Users\bitshen\Desktop\git\光度\Broadcaster-CH592\LIB\libCH59xBLE.a(gap_central.o)
                0x0000000000006b4e                gapProcessPeriodicAdvertisingSyncEstablishedEvt
 .text.gapProcessPeriodicAdvertisingSyncLostEvt
                0x0000000000006bfc       0x56 C:\Users\bitshen\Desktop\git\光度\Broadcaster-CH592\LIB\libCH59xBLE.a(gap_central.o)
                0x0000000000006bfc                gapProcessPeriodicAdvertisingSyncLostEvt
 .text.gapFreeScanRecs
                0x0000000000006c52       0xa6 C:\Users\bitshen\Desktop\git\光度\Broadcaster-CH592\LIB\libCH59xBLE.a(gap_central.o)
                0x0000000000006c52                gapFreeScanRecs
 .text.gapSendDevDiscEvent
                0x0000000000006cf8      0x124 C:\Users\bitshen\Desktop\git\光度\Broadcaster-CH592\LIB\libCH59xBLE.a(gap_central.o)
                0x0000000000006cf8                gapSendDevDiscEvent
 .text.gapSetScanParamStatus
                0x0000000000006e1c       0x56 C:\Users\bitshen\Desktop\git\光度\Broadcaster-CH592\LIB\libCH59xBLE.a(gap_central.o)
 .text.gapCentProcessHCICmdEvt
                0x0000000000006e72       0x3c C:\Users\bitshen\Desktop\git\光度\Broadcaster-CH592\LIB\libCH59xBLE.a(gap_central.o)
                0x0000000000006e72                gapCentProcessHCICmdEvt
 .text.gapProcessScanningEvt
                0x0000000000006eae      0x10e C:\Users\bitshen\Desktop\git\光度\Broadcaster-CH592\LIB\libCH59xBLE.a(gap_central.o)
                0x0000000000006eae                gapProcessScanningEvt
 .text.gapProcessScanningDirectEvt
                0x0000000000006fbc       0xfe C:\Users\bitshen\Desktop\git\光度\Broadcaster-CH592\LIB\libCH59xBLE.a(gap_central.o)
                0x0000000000006fbc                gapProcessScanningDirectEvt
 .text.gapProcessScanningExtAdvEvt
                0x00000000000070ba      0x2c4 C:\Users\bitshen\Desktop\git\光度\Broadcaster-CH592\LIB\libCH59xBLE.a(gap_central.o)
                0x00000000000070ba                gapProcessScanningExtAdvEvt
 .text.GAP_CentConnRegister
                0x000000000000737e       0x1a C:\Users\bitshen\Desktop\git\光度\Broadcaster-CH592\LIB\libCH59xBLE.a(gap_central.o)
                0x000000000000737e                GAP_CentConnRegister
 .text.GAP_CentralParamInit
                0x0000000000007398       0x6e C:\Users\bitshen\Desktop\git\光度\Broadcaster-CH592\LIB\libCH59xBLE.a(gap_central.o)
                0x0000000000007398                GAP_CentralParamInit
 .text.GAP_CentDevMgrInit
                0x0000000000007406       0x9c C:\Users\bitshen\Desktop\git\光度\Broadcaster-CH592\LIB\libCH59xBLE.a(gap_central.o)
                0x0000000000007406                GAP_CentDevMgrInit
 .text.gapFreeAdvertState
                0x00000000000074a2       0x20 C:\Users\bitshen\Desktop\git\光度\Broadcaster-CH592\LIB\libCH59xBLE.a(gap_peripheral.o)
 .text.gapSetPeriodicAdvParams
                0x00000000000074c2       0x30 C:\Users\bitshen\Desktop\git\光度\Broadcaster-CH592\LIB\libCH59xBLE.a(gap_peripheral.o)
 .text.gapSetConnectionlessCTEParams
                0x00000000000074f2       0x54 C:\Users\bitshen\Desktop\git\光度\Broadcaster-CH592\LIB\libCH59xBLE.a(gap_peripheral.o)
 .text.gapSetAdvParams
                0x0000000000007546       0xfc C:\Users\bitshen\Desktop\git\光度\Broadcaster-CH592\LIB\libCH59xBLE.a(gap_peripheral.o)
 .text.gapPeriProcessConnEvt
                0x0000000000007642       0xd0 C:\Users\bitshen\Desktop\git\光度\Broadcaster-CH592\LIB\libCH59xBLE.a(gap_peripheral.o)
 .text.gapWriteAdvDataStatus
                0x0000000000007712       0x8a C:\Users\bitshen\Desktop\git\光度\Broadcaster-CH592\LIB\libCH59xBLE.a(gap_peripheral.o)
 .text.GAP_MakeDiscoverable
                0x000000000000779c      0x174 C:\Users\bitshen\Desktop\git\光度\Broadcaster-CH592\LIB\libCH59xBLE.a(gap_peripheral.o)
                0x000000000000779c                GAP_MakeDiscoverable
 .text.GAP_EndDiscoverable
                0x0000000000007910       0x66 C:\Users\bitshen\Desktop\git\光度\Broadcaster-CH592\LIB\libCH59xBLE.a(gap_peripheral.o)
                0x0000000000007910                GAP_EndDiscoverable
 .text.gapProcessAdvertisingEvt
                0x0000000000007976      0x116 C:\Users\bitshen\Desktop\git\光度\Broadcaster-CH592\LIB\libCH59xBLE.a(gap_peripheral.o)
 .text.GAP_MakePeriodic
                0x0000000000007a8c       0x26 C:\Users\bitshen\Desktop\git\光度\Broadcaster-CH592\LIB\libCH59xBLE.a(gap_peripheral.o)
                0x0000000000007a8c                GAP_MakePeriodic
 .text.GAP_EndPeriodic
                0x0000000000007ab2        0xc C:\Users\bitshen\Desktop\git\光度\Broadcaster-CH592\LIB\libCH59xBLE.a(gap_peripheral.o)
                0x0000000000007ab2                GAP_EndPeriodic
 .text.GAP_MakeConnecttionlessCTE
                0x0000000000007abe       0x1a C:\Users\bitshen\Desktop\git\光度\Broadcaster-CH592\LIB\libCH59xBLE.a(gap_peripheral.o)
                0x0000000000007abe                GAP_MakeConnecttionlessCTE
 .text.GAP_EndConnecttionlessCTE
                0x0000000000007ad8        0xc C:\Users\bitshen\Desktop\git\光度\Broadcaster-CH592\LIB\libCH59xBLE.a(gap_peripheral.o)
                0x0000000000007ad8                GAP_EndConnecttionlessCTE
 .text.GAP_UpdateAdvertisingData
                0x0000000000007ae4      0x136 C:\Users\bitshen\Desktop\git\光度\Broadcaster-CH592\LIB\libCH59xBLE.a(gap_peripheral.o)
                0x0000000000007ae4                GAP_UpdateAdvertisingData
 .text.GAP_SetAdvertisingAdvData
                0x0000000000007c1a      0x102 C:\Users\bitshen\Desktop\git\光度\Broadcaster-CH592\LIB\libCH59xBLE.a(gap_peripheral.o)
                0x0000000000007c1a                GAP_SetAdvertisingAdvData
 .text.GAP_SetAdvertisingRspData
                0x0000000000007d1c      0x102 C:\Users\bitshen\Desktop\git\光度\Broadcaster-CH592\LIB\libCH59xBLE.a(gap_peripheral.o)
                0x0000000000007d1c                GAP_SetAdvertisingRspData
 .text.GAP_SetPeriodicAdvertisingData
                0x0000000000007e1e       0xc6 C:\Users\bitshen\Desktop\git\光度\Broadcaster-CH592\LIB\libCH59xBLE.a(gap_peripheral.o)
                0x0000000000007e1e                GAP_SetPeriodicAdvertisingData
 .text.GAP_GetAdvertisingAdvData
                0x0000000000007ee4       0x26 C:\Users\bitshen\Desktop\git\光度\Broadcaster-CH592\LIB\libCH59xBLE.a(gap_peripheral.o)
                0x0000000000007ee4                GAP_GetAdvertisingAdvData
 .text.GAP_GetAdvertisingRspData
                0x0000000000007f0a       0x34 C:\Users\bitshen\Desktop\git\光度\Broadcaster-CH592\LIB\libCH59xBLE.a(gap_peripheral.o)
                0x0000000000007f0a                GAP_GetAdvertisingRspData
 .text.GAP_GetPeriodicAdvertisingData
                0x0000000000007f3e       0x34 C:\Users\bitshen\Desktop\git\光度\Broadcaster-CH592\LIB\libCH59xBLE.a(gap_peripheral.o)
                0x0000000000007f3e                GAP_GetPeriodicAdvertisingData
 .text.GAP_PeriConnRegister
                0x0000000000007f72       0x2e C:\Users\bitshen\Desktop\git\光度\Broadcaster-CH592\LIB\libCH59xBLE.a(gap_peripheral.o)
                0x0000000000007f72                GAP_PeriConnRegister
 .text.GAP_PeripheralParamInit
                0x0000000000007fa0       0x6c C:\Users\bitshen\Desktop\git\光度\Broadcaster-CH592\LIB\libCH59xBLE.a(gap_peripheral.o)
                0x0000000000007fa0                GAP_PeripheralParamInit
 .text.gapSendMakeDiscEvent
                0x000000000000800c       0x50 C:\Users\bitshen\Desktop\git\光度\Broadcaster-CH592\LIB\libCH59xBLE.a(gap_peripheral.o)
                0x000000000000800c                gapSendMakeDiscEvent
 .text.gapWriteAdvEnableStatus
                0x000000000000805c      0x10e C:\Users\bitshen\Desktop\git\光度\Broadcaster-CH592\LIB\libCH59xBLE.a(gap_peripheral.o)
 .text.gapSendMakePeriodicEvent
                0x000000000000816a       0x3a C:\Users\bitshen\Desktop\git\光度\Broadcaster-CH592\LIB\libCH59xBLE.a(gap_peripheral.o)
                0x000000000000816a                gapSendMakePeriodicEvent
 .text.gapSendMakeConnectionlessCTEEvent
                0x00000000000081a4       0x3a C:\Users\bitshen\Desktop\git\光度\Broadcaster-CH592\LIB\libCH59xBLE.a(gap_peripheral.o)
                0x00000000000081a4                gapSendMakeConnectionlessCTEEvent
 .text.gapPeriProcessHCICmdCompleteEvt
                0x00000000000081de      0x22c C:\Users\bitshen\Desktop\git\光度\Broadcaster-CH592\LIB\libCH59xBLE.a(gap_peripheral.o)
 .text.GAP_PeriDevMgrInit
                0x000000000000840a       0x2e C:\Users\bitshen\Desktop\git\光度\Broadcaster-CH592\LIB\libCH59xBLE.a(gap_peripheral.o)
                0x000000000000840a                GAP_PeriDevMgrInit
 .text.gattProcessExchangeMTUReq
                0x0000000000008438        0x4 C:\Users\bitshen\Desktop\git\光度\Broadcaster-CH592\LIB\libCH59xBLE.a(gattservapp.o)
 .text.gattServApp_FindCharCfgItem
                0x000000000000843c       0x24 C:\Users\bitshen\Desktop\git\光度\Broadcaster-CH592\LIB\libCH59xBLE.a(gattservapp.o)
 .text.gattServerHandleTimerCB
                0x0000000000008460       0x3c C:\Users\bitshen\Desktop\git\光度\Broadcaster-CH592\LIB\libCH59xBLE.a(gattservapp.o)
 .text.GATTServApp_InitCharCfg.part.12
                0x000000000000849c       0x20 C:\Users\bitshen\Desktop\git\光度\Broadcaster-CH592\LIB\libCH59xBLE.a(gattservapp.o)
 .text.gattProcessExecuteWriteReq
                0x00000000000084bc        0x4 C:\Users\bitshen\Desktop\git\光度\Broadcaster-CH592\LIB\libCH59xBLE.a(gattservapp.o)
 .text.GATTServApp_ParamInit
                0x00000000000084c0       0xd6 C:\Users\bitshen\Desktop\git\光度\Broadcaster-CH592\LIB\libCH59xBLE.a(gattservapp.o)
                0x00000000000084c0                GATTServApp_ParamInit
 .text.GATTServApp_ReadCharCfg
                0x0000000000008596       0x16 C:\Users\bitshen\Desktop\git\光度\Broadcaster-CH592\LIB\libCH59xBLE.a(gattservapp.o)
                0x0000000000008596                GATTServApp_ReadCharCfg
 .text.GATTServApp_WriteCharCfg
                0x00000000000085ac       0x38 C:\Users\bitshen\Desktop\git\光度\Broadcaster-CH592\LIB\libCH59xBLE.a(gattservapp.o)
                0x00000000000085ac                GATTServApp_WriteCharCfg
 .text.GATTServApp_ProcessCCCWriteReq
                0x00000000000085e4       0x5c C:\Users\bitshen\Desktop\git\光度\Broadcaster-CH592\LIB\libCH59xBLE.a(gattservapp.o)
                0x00000000000085e4                GATTServApp_ProcessCCCWriteReq
 .text.gattServApp_WriteAttrCB
                0x0000000000008640       0x32 C:\Users\bitshen\Desktop\git\光度\Broadcaster-CH592\LIB\libCH59xBLE.a(gattservapp.o)
                0x0000000000008640                gattServApp_WriteAttrCB
 .text.GATTServApp_SendCCCUpdatedEvent
                0x0000000000008672       0x5e C:\Users\bitshen\Desktop\git\光度\Broadcaster-CH592\LIB\libCH59xBLE.a(gattservapp.o)
                0x0000000000008672                GATTServApp_SendCCCUpdatedEvent
 .text.GATTServApp_SendServiceChangedInd
                0x00000000000086d0       0x34 C:\Users\bitshen\Desktop\git\光度\Broadcaster-CH592\LIB\libCH59xBLE.a(gattservapp.o)
                0x00000000000086d0                GATTServApp_SendServiceChangedInd
 .text.gattServApp_ClearPrepareWriteQ
                0x0000000000008704       0x50 C:\Users\bitshen\Desktop\git\光度\Broadcaster-CH592\LIB\libCH59xBLE.a(gattservapp.o)
                0x0000000000008704                gattServApp_ClearPrepareWriteQ
 .text.gattServApp_FindPrepareWriteQ
                0x0000000000008754       0x30 C:\Users\bitshen\Desktop\git\光度\Broadcaster-CH592\LIB\libCH59xBLE.a(gattservapp.o)
                0x0000000000008754                gattServApp_FindPrepareWriteQ
 .text.gattServApp_FindServiceCBs
                0x0000000000008784       0x18 C:\Users\bitshen\Desktop\git\光度\Broadcaster-CH592\LIB\libCH59xBLE.a(gattservapp.o)
                0x0000000000008784                gattServApp_FindServiceCBs
 .text.gattServApp_FindAuthorizeAttrCB
                0x000000000000879c       0x14 C:\Users\bitshen\Desktop\git\光度\Broadcaster-CH592\LIB\libCH59xBLE.a(gattservapp.o)
                0x000000000000879c                gattServApp_FindAuthorizeAttrCB
 .text.gattServApp_IsWriteLong
                0x00000000000087b0       0xea C:\Users\bitshen\Desktop\git\光度\Broadcaster-CH592\LIB\libCH59xBLE.a(gattservapp.o)
                0x00000000000087b0                gattServApp_IsWriteLong
 .text.gattFindService
                0x000000000000889a       0x1c C:\Users\bitshen\Desktop\git\光度\Broadcaster-CH592\LIB\libCH59xBLE.a(gattservapp.o)
                0x000000000000889a                gattFindService
 .text.GATT_ServiceNumAttrs
                0x00000000000088b6       0x16 C:\Users\bitshen\Desktop\git\光度\Broadcaster-CH592\LIB\libCH59xBLE.a(gattservapp.o)
                0x00000000000088b6                GATT_ServiceNumAttrs
 .text.GATT_ServiceEncKeySize
                0x00000000000088cc       0x16 C:\Users\bitshen\Desktop\git\光度\Broadcaster-CH592\LIB\libCH59xBLE.a(gattservapp.o)
                0x00000000000088cc                GATT_ServiceEncKeySize
 .text.GATT_VerifyWritePermissions.part.7
                0x00000000000088e2       0x2c C:\Users\bitshen\Desktop\git\光度\Broadcaster-CH592\LIB\libCH59xBLE.a(gattservapp.o)
 .text.gattResetServerInfo
                0x000000000000890e       0x1c C:\Users\bitshen\Desktop\git\光度\Broadcaster-CH592\LIB\libCH59xBLE.a(gattservapp.o)
                0x000000000000890e                gattResetServerInfo
 .text.gattFindServerInfo
                0x000000000000892a       0x2c C:\Users\bitshen\Desktop\git\光度\Broadcaster-CH592\LIB\libCH59xBLE.a(gattservapp.o)
                0x000000000000892a                gattFindServerInfo
 .text.gattServerHandleConnStatusCB
                0x0000000000008956       0x8e C:\Users\bitshen\Desktop\git\光度\Broadcaster-CH592\LIB\libCH59xBLE.a(gattservapp.o)
                0x0000000000008956                gattServerHandleConnStatusCB
 .text.gattServerProcessMsgCB
                0x00000000000089e4      0x1ba C:\Users\bitshen\Desktop\git\光度\Broadcaster-CH592\LIB\libCH59xBLE.a(gattservapp.o)
                0x00000000000089e4                gattServerProcessMsgCB
 .text.gattServerNotifyTxCB
                0x0000000000008b9e       0x28 C:\Users\bitshen\Desktop\git\光度\Broadcaster-CH592\LIB\libCH59xBLE.a(gattservapp.o)
 .text.GATT_FindHandle
                0x0000000000008bc6       0x4a C:\Users\bitshen\Desktop\git\光度\Broadcaster-CH592\LIB\libCH59xBLE.a(gattservapp.o)
                0x0000000000008bc6                GATT_FindHandle
 .text.GATTServApp_WriteAttr
                0x0000000000008c10       0xa6 C:\Users\bitshen\Desktop\git\光度\Broadcaster-CH592\LIB\libCH59xBLE.a(gattservapp.o)
                0x0000000000008c10                GATTServApp_WriteAttr
 .text.gattServApp_ProcessExecuteWriteReq
                0x0000000000008cb6       0xfe C:\Users\bitshen\Desktop\git\光度\Broadcaster-CH592\LIB\libCH59xBLE.a(gattservapp.o)
                0x0000000000008cb6                gattServApp_ProcessExecuteWriteReq
 .text.gattServApp_ProcessPrepareWriteReq
                0x0000000000008db4      0x10e C:\Users\bitshen\Desktop\git\光度\Broadcaster-CH592\LIB\libCH59xBLE.a(gattservapp.o)
                0x0000000000008db4                gattServApp_ProcessPrepareWriteReq
 .text.gattServApp_ProcessWriteReq
                0x0000000000008ec2       0xb0 C:\Users\bitshen\Desktop\git\光度\Broadcaster-CH592\LIB\libCH59xBLE.a(gattservapp.o)
                0x0000000000008ec2                gattServApp_ProcessWriteReq
 .text.GATT_Indication
                0x0000000000008f72       0xa4 C:\Users\bitshen\Desktop\git\光度\Broadcaster-CH592\LIB\libCH59xBLE.a(gattservapp.o)
                0x0000000000008f72                GATT_Indication
 .text.GATT_FindHandleUUID
                0x0000000000009016       0x94 C:\Users\bitshen\Desktop\git\光度\Broadcaster-CH592\LIB\libCH59xBLE.a(gattservapp.o)
                0x0000000000009016                GATT_FindHandleUUID
 .text.gattProcessReadByGrpTypeReq
                0x00000000000090aa       0x60 C:\Users\bitshen\Desktop\git\光度\Broadcaster-CH592\LIB\libCH59xBLE.a(gattservapp.o)
 .text.gattProcessReadByTypeReq
                0x000000000000910a       0x34 C:\Users\bitshen\Desktop\git\光度\Broadcaster-CH592\LIB\libCH59xBLE.a(gattservapp.o)
 .text.gattProcessFindByTypeValueReq
                0x000000000000913e       0x34 C:\Users\bitshen\Desktop\git\光度\Broadcaster-CH592\LIB\libCH59xBLE.a(gattservapp.o)
 .text.gattProcessFindInfoReq
                0x0000000000009172      0x1aa C:\Users\bitshen\Desktop\git\光度\Broadcaster-CH592\LIB\libCH59xBLE.a(gattservapp.o)
 .text.GATT_VerifyWritePermissions
                0x000000000000931c       0x6a C:\Users\bitshen\Desktop\git\光度\Broadcaster-CH592\LIB\libCH59xBLE.a(gattservapp.o)
                0x000000000000931c                GATT_VerifyWritePermissions
 .text.gattProcessWriteReq
                0x0000000000009386       0x34 C:\Users\bitshen\Desktop\git\光度\Broadcaster-CH592\LIB\libCH59xBLE.a(gattservapp.o)
 .text.GATT_VerifyPrepareWritePermissions
                0x00000000000093ba       0x56 C:\Users\bitshen\Desktop\git\光度\Broadcaster-CH592\LIB\libCH59xBLE.a(gattservapp.o)
                0x00000000000093ba                GATT_VerifyPrepareWritePermissions
 .text.gattProcessPrepareWriteReq
                0x0000000000009410       0x34 C:\Users\bitshen\Desktop\git\光度\Broadcaster-CH592\LIB\libCH59xBLE.a(gattservapp.o)
 .text.GATT_FindNextAttr
                0x0000000000009444       0xc2 C:\Users\bitshen\Desktop\git\光度\Broadcaster-CH592\LIB\libCH59xBLE.a(gattservapp.o)
                0x0000000000009444                GATT_FindNextAttr
 .text.GATTServApp_ReadAttr
                0x0000000000009506      0x2ea C:\Users\bitshen\Desktop\git\光度\Broadcaster-CH592\LIB\libCH59xBLE.a(gattservapp.o)
                0x0000000000009506                GATTServApp_ReadAttr
 .text.gattServApp_ProcessReadMultiReq
                0x00000000000097f0      0x16e C:\Users\bitshen\Desktop\git\光度\Broadcaster-CH592\LIB\libCH59xBLE.a(gattservapp.o)
                0x00000000000097f0                gattServApp_ProcessReadMultiReq
 .text.gattServApp_ProcessFindByTypeValueReq
                0x000000000000995e      0x1a0 C:\Users\bitshen\Desktop\git\光度\Broadcaster-CH592\LIB\libCH59xBLE.a(gattservapp.o)
                0x000000000000995e                gattServApp_ProcessFindByTypeValueReq
 .text.GATT_VerifyReadPermissions
                0x0000000000009afe       0x68 C:\Users\bitshen\Desktop\git\光度\Broadcaster-CH592\LIB\libCH59xBLE.a(gattservapp.o)
                0x0000000000009afe                GATT_VerifyReadPermissions
 .text.gattProcessReadMultiReq
                0x0000000000009b66       0xae C:\Users\bitshen\Desktop\git\光度\Broadcaster-CH592\LIB\libCH59xBLE.a(gattservapp.o)
 .text.gattProcessReadReq
                0x0000000000009c14       0x30 C:\Users\bitshen\Desktop\git\光度\Broadcaster-CH592\LIB\libCH59xBLE.a(gattservapp.o)
 .text.gattServApp_ProcessReadByGrpTypeReq
                0x0000000000009c44      0x21c C:\Users\bitshen\Desktop\git\光度\Broadcaster-CH592\LIB\libCH59xBLE.a(gattservapp.o)
                0x0000000000009c44                gattServApp_ProcessReadByGrpTypeReq
 .text.gattServApp_ProcessReadByTypeReq
                0x0000000000009e60      0x1ae C:\Users\bitshen\Desktop\git\光度\Broadcaster-CH592\LIB\libCH59xBLE.a(gattservapp.o)
                0x0000000000009e60                gattServApp_ProcessReadByTypeReq
 .text.GATTServApp_InitCharCfg
                0x000000000000a00e       0x28 C:\Users\bitshen\Desktop\git\光度\Broadcaster-CH592\LIB\libCH59xBLE.a(gattservapp.o)
                0x000000000000a00e                GATTServApp_InitCharCfg
 .text.gattServApp_HandleConnStatusCB
                0x000000000000a036       0x74 C:\Users\bitshen\Desktop\git\光度\Broadcaster-CH592\LIB\libCH59xBLE.a(gattservapp.o)
                0x000000000000a036                gattServApp_HandleConnStatusCB
 .text.GATT_InitServer
                0x000000000000a0aa       0xfa C:\Users\bitshen\Desktop\git\光度\Broadcaster-CH592\LIB\libCH59xBLE.a(gattservapp.o)
                0x000000000000a0aa                GATT_InitServer
 .text.GATTServApp_Init
                0x000000000000a1a4       0x34 C:\Users\bitshen\Desktop\git\光度\Broadcaster-CH592\LIB\libCH59xBLE.a(gattservapp.o)
                0x000000000000a1a4                GATTServApp_Init
 .text.GATTServApp_ProcessEvent
                0x000000000000a1d8      0x36a C:\Users\bitshen\Desktop\git\光度\Broadcaster-CH592\LIB\libCH59xBLE.a(gattservapp.o)
                0x000000000000a1d8                GATTServApp_ProcessEvent
 .text.l2capAllocConnChannel
                0x000000000000a542       0xe0 C:\Users\bitshen\Desktop\git\光度\Broadcaster-CH592\LIB\libCH59xBLE.a(l2cap.o)
                0x000000000000a542                l2capAllocConnChannel
 .text.l2capFindLocalCID
                0x000000000000a622       0x2c C:\Users\bitshen\Desktop\git\光度\Broadcaster-CH592\LIB\libCH59xBLE.a(l2cap.o)
                0x000000000000a622                l2capFindLocalCID
 .text.l2capFindLocalId
                0x000000000000a64e       0x30 C:\Users\bitshen\Desktop\git\光度\Broadcaster-CH592\LIB\libCH59xBLE.a(l2cap.o)
                0x000000000000a64e                l2capFindLocalId
 .text.l2capFindPsm
                0x000000000000a67e       0x30 C:\Users\bitshen\Desktop\git\光度\Broadcaster-CH592\LIB\libCH59xBLE.a(l2cap.o)
                0x000000000000a67e                l2capFindPsm
 .text.l2capFindRemoteCID
                0x000000000000a6ae       0x3c C:\Users\bitshen\Desktop\git\光度\Broadcaster-CH592\LIB\libCH59xBLE.a(l2cap.o)
                0x000000000000a6ae                l2capFindRemoteCID
 .text.l2capFreeChannel
                0x000000000000a6ea       0x4e C:\Users\bitshen\Desktop\git\光度\Broadcaster-CH592\LIB\libCH59xBLE.a(l2cap.o)
                0x000000000000a6ea                l2capFreeChannel
 .text.l2capDisconnectChannel
                0x000000000000a738       0x28 C:\Users\bitshen\Desktop\git\光度\Broadcaster-CH592\LIB\libCH59xBLE.a(l2cap.o)
                0x000000000000a738                l2capDisconnectChannel
 .text.l2capHandleTimerCB
                0x000000000000a760       0x2c C:\Users\bitshen\Desktop\git\光度\Broadcaster-CH592\LIB\libCH59xBLE.a(l2cap.o)
                0x000000000000a760                l2capHandleTimerCB
 .text.l2capFreePendingPkt
                0x000000000000a78c       0x58 C:\Users\bitshen\Desktop\git\光度\Broadcaster-CH592\LIB\libCH59xBLE.a(l2cap.o)
                0x000000000000a78c                l2capFreePendingPkt
 .text.l2capGetCoChannelInfo
                0x000000000000a7e4       0x86 C:\Users\bitshen\Desktop\git\光度\Broadcaster-CH592\LIB\libCH59xBLE.a(l2cap.o)
                0x000000000000a7e4                l2capGetCoChannelInfo
 .text.l2capNumActiveChannnels
                0x000000000000a86a       0x48 C:\Users\bitshen\Desktop\git\光度\Broadcaster-CH592\LIB\libCH59xBLE.a(l2cap.o)
                0x000000000000a86a                l2capNumActiveChannnels
 .text.l2capStartTimer
                0x000000000000a8b2       0x1a C:\Users\bitshen\Desktop\git\光度\Broadcaster-CH592\LIB\libCH59xBLE.a(l2cap.o)
                0x000000000000a8b2                l2capStartTimer
 .text.l2capStopTimer
                0x000000000000a8cc       0x1e C:\Users\bitshen\Desktop\git\光度\Broadcaster-CH592\LIB\libCH59xBLE.a(l2cap.o)
                0x000000000000a8cc                l2capStopTimer
 .text.l2capDisconnectAllChannels
                0x000000000000a8ea       0xdc C:\Users\bitshen\Desktop\git\光度\Broadcaster-CH592\LIB\libCH59xBLE.a(l2cap.o)
                0x000000000000a8ea                l2capDisconnectAllChannels
 .text.l2capHandleConnStatusCB
                0x000000000000a9c6       0x3c C:\Users\bitshen\Desktop\git\光度\Broadcaster-CH592\LIB\libCH59xBLE.a(l2cap.o)
                0x000000000000a9c6                l2capHandleConnStatusCB
 .text.l2capHandleRxError
                0x000000000000aa02        0x6 C:\Users\bitshen\Desktop\git\光度\Broadcaster-CH592\LIB\libCH59xBLE.a(l2cap.o)
                0x000000000000aa02                l2capHandleRxError
 .text.L2CAP_GetMTU
                0x000000000000aa08        0x6 C:\Users\bitshen\Desktop\git\光度\Broadcaster-CH592\LIB\libCH59xBLE.a(l2cap.o)
                0x000000000000aa08                L2CAP_GetMTU
 .text.L2CAP_HostNumCompletedPkts
                0x000000000000aa0e       0x28 C:\Users\bitshen\Desktop\git\光度\Broadcaster-CH592\LIB\libCH59xBLE.a(l2cap.o)
                0x000000000000aa0e                L2CAP_HostNumCompletedPkts
 .text.L2CAP_ParseConnectReq
                0x000000000000aa36       0x5e C:\Users\bitshen\Desktop\git\光度\Broadcaster-CH592\LIB\libCH59xBLE.a(l2cap.o)
                0x000000000000aa36                L2CAP_ParseConnectReq
 .text.L2CAP_ParseFlowCtrlCredit
                0x000000000000aa94       0x2e C:\Users\bitshen\Desktop\git\光度\Broadcaster-CH592\LIB\libCH59xBLE.a(l2cap.o)
                0x000000000000aa94                L2CAP_ParseFlowCtrlCredit
 .text.L2CAP_RegisterApp
                0x000000000000aac2       0x30 C:\Users\bitshen\Desktop\git\光度\Broadcaster-CH592\LIB\libCH59xBLE.a(l2cap.o)
                0x000000000000aac2                L2CAP_RegisterApp
 .text.L2CAP_SetBufSize
                0x000000000000aaf2       0x1e C:\Users\bitshen\Desktop\git\光度\Broadcaster-CH592\LIB\libCH59xBLE.a(l2cap.o)
                0x000000000000aaf2                L2CAP_SetBufSize
 .text.L2CAP_bm_alloc
                0x000000000000ab10       0x2a C:\Users\bitshen\Desktop\git\光度\Broadcaster-CH592\LIB\libCH59xBLE.a(l2cap.o)
                0x000000000000ab10                L2CAP_bm_alloc
 .text.L2CAP_Init
                0x000000000000ab3a      0x15e C:\Users\bitshen\Desktop\git\光度\Broadcaster-CH592\LIB\libCH59xBLE.a(l2cap.o)
                0x000000000000ab3a                L2CAP_Init
 .text.L2CAP_ProcessEvent
                0x000000000000ac98       0xd4 C:\Users\bitshen\Desktop\git\光度\Broadcaster-CH592\LIB\libCH59xBLE.a(l2cap.o)
                0x000000000000ac98                L2CAP_ProcessEvent
 .text.l2capParseCmdReject
                0x000000000000ad6c       0x5e C:\Users\bitshen\Desktop\git\光度\Broadcaster-CH592\LIB\libCH59xBLE.a(l2cap_input.o)
                0x000000000000ad6c                l2capParseCmdReject
 .text.l2capParseDisconnectReq
                0x000000000000adca       0x2e C:\Users\bitshen\Desktop\git\光度\Broadcaster-CH592\LIB\libCH59xBLE.a(l2cap_input.o)
                0x000000000000adca                l2capParseDisconnectReq
 .text.l2capParseDisconnectRsp
                0x000000000000adf8       0x2e C:\Users\bitshen\Desktop\git\光度\Broadcaster-CH592\LIB\libCH59xBLE.a(l2cap_input.o)
                0x000000000000adf8                l2capParseDisconnectRsp
 .text.L2CAP_ParseParamUpdateReq
                0x000000000000ae26       0x4e C:\Users\bitshen\Desktop\git\光度\Broadcaster-CH592\LIB\libCH59xBLE.a(l2cap_input.o)
                0x000000000000ae26                L2CAP_ParseParamUpdateReq
 .text.l2capParseParamUpdateRsp
                0x000000000000ae74       0x1e C:\Users\bitshen\Desktop\git\光度\Broadcaster-CH592\LIB\libCH59xBLE.a(l2cap_input.o)
                0x000000000000ae74                l2capParseParamUpdateRsp
 .text.l2capProcessConnectReq
                0x000000000000ae92       0xfc C:\Users\bitshen\Desktop\git\光度\Broadcaster-CH592\LIB\libCH59xBLE.a(l2cap_input.o)
                0x000000000000ae92                l2capProcessConnectReq
 .text.l2capParseConnectRsp
                0x000000000000af8e       0x5e C:\Users\bitshen\Desktop\git\光度\Broadcaster-CH592\LIB\libCH59xBLE.a(l2cap_input.o)
                0x000000000000af8e                l2capParseConnectRsp
 .text.l2capParseSignalHdr
                0x000000000000afec       0x22 C:\Users\bitshen\Desktop\git\光度\Broadcaster-CH592\LIB\libCH59xBLE.a(l2cap_input.o)
                0x000000000000afec                l2capParseSignalHdr
 .text.l2capParsePacket
                0x000000000000b00e       0x8c C:\Users\bitshen\Desktop\git\光度\Broadcaster-CH592\LIB\libCH59xBLE.a(l2cap_input.o)
                0x000000000000b00e                l2capParsePacket
 .text.l2capProcessReq
                0x000000000000b09a      0x15e C:\Users\bitshen\Desktop\git\光度\Broadcaster-CH592\LIB\libCH59xBLE.a(l2cap_input.o)
                0x000000000000b09a                l2capProcessReq
 .text.l2capProcessRsp
                0x000000000000b1f8      0x150 C:\Users\bitshen\Desktop\git\光度\Broadcaster-CH592\LIB\libCH59xBLE.a(l2cap_input.o)
                0x000000000000b1f8                l2capProcessRsp
 .text.l2capProcessRxData
                0x000000000000b348       0xf8 C:\Users\bitshen\Desktop\git\光度\Broadcaster-CH592\LIB\libCH59xBLE.a(l2cap_input.o)
                0x000000000000b348                l2capProcessRxData
 .text.l2capNotifyData
                0x000000000000b440       0x5e C:\Users\bitshen\Desktop\git\光度\Broadcaster-CH592\LIB\libCH59xBLE.a(l2cap_output.o)
                0x000000000000b440                l2capNotifyData
 .text.l2capNotifySignal
                0x000000000000b49e       0x7a C:\Users\bitshen\Desktop\git\光度\Broadcaster-CH592\LIB\libCH59xBLE.a(l2cap_output.o)
                0x000000000000b49e                l2capNotifySignal
 .text.l2capNotifyCreditEvt
                0x000000000000b518       0xa4 C:\Users\bitshen\Desktop\git\光度\Broadcaster-CH592\LIB\libCH59xBLE.a(l2cap_output.o)
                0x000000000000b518                l2capNotifyCreditEvt
 .text.l2capNotifyChannelEstEvt
                0x000000000000b5bc       0x5c C:\Users\bitshen\Desktop\git\光度\Broadcaster-CH592\LIB\libCH59xBLE.a(l2cap_output.o)
                0x000000000000b5bc                l2capNotifyChannelEstEvt
 .text.l2capNotifyChannelTermEvt
                0x000000000000b618       0x3e C:\Users\bitshen\Desktop\git\光度\Broadcaster-CH592\LIB\libCH59xBLE.a(l2cap_output.o)
                0x000000000000b618                l2capNotifyChannelTermEvt
 .text.l2capNotifyEvent
                0x000000000000b656       0x66 C:\Users\bitshen\Desktop\git\光度\Broadcaster-CH592\LIB\libCH59xBLE.a(l2cap_output.o)
                0x000000000000b656                l2capNotifyEvent
 .text.l2capStoreFCPkt
                0x000000000000b6bc       0x32 C:\Users\bitshen\Desktop\git\光度\Broadcaster-CH592\LIB\libCH59xBLE.a(l2cap_output.o)
                0x000000000000b6bc                l2capStoreFCPkt
 .text.l2capFreeTxSDU
                0x000000000000b6ee       0x9e C:\Users\bitshen\Desktop\git\光度\Broadcaster-CH592\LIB\libCH59xBLE.a(l2cap_output.o)
                0x000000000000b6ee                l2capFreeTxSDU
 .text.l2capReassembleSegment
                0x000000000000b78c      0x178 C:\Users\bitshen\Desktop\git\光度\Broadcaster-CH592\LIB\libCH59xBLE.a(l2cap_output.o)
                0x000000000000b78c                l2capReassembleSegment
 .text.l2capEncapSendData
                0x000000000000b904       0xf0 C:\Users\bitshen\Desktop\git\光度\Broadcaster-CH592\LIB\libCH59xBLE.a(l2cap_output.o)
                0x000000000000b904                l2capEncapSendData
 .text.l2capSendFCPkt.part.3
                0x000000000000b9f4       0x70 C:\Users\bitshen\Desktop\git\光度\Broadcaster-CH592\LIB\libCH59xBLE.a(l2cap_output.o)
 .text.l2capSendSegment
                0x000000000000ba64      0x108 C:\Users\bitshen\Desktop\git\光度\Broadcaster-CH592\LIB\libCH59xBLE.a(l2cap_output.o)
                0x000000000000ba64                l2capSendSegment
 .text.l2capSendNextSegment
                0x000000000000bb6c       0xb4 C:\Users\bitshen\Desktop\git\光度\Broadcaster-CH592\LIB\libCH59xBLE.a(l2cap_output.o)
                0x000000000000bb6c                l2capSendNextSegment
 .text.l2capSendPkt
                0x000000000000bc20       0x3a C:\Users\bitshen\Desktop\git\光度\Broadcaster-CH592\LIB\libCH59xBLE.a(l2cap_output.o)
                0x000000000000bc20                l2capSendPkt
 .text.L2CAP_SendData
                0x000000000000bc5a       0x82 C:\Users\bitshen\Desktop\git\光度\Broadcaster-CH592\LIB\libCH59xBLE.a(l2cap_output.o)
                0x000000000000bc5a                L2CAP_SendData
 .text.l2capSendCmd
                0x000000000000bcdc       0x8a C:\Users\bitshen\Desktop\git\光度\Broadcaster-CH592\LIB\libCH59xBLE.a(l2cap_output.o)
                0x000000000000bcdc                l2capSendCmd
 .text.l2capSendReq
                0x000000000000bd66       0xc8 C:\Users\bitshen\Desktop\git\光度\Broadcaster-CH592\LIB\libCH59xBLE.a(l2cap_output.o)
                0x000000000000bd66                l2capSendReq
 .text.l2capBuildDisconnectReq
                0x000000000000be2e       0x28 C:\Users\bitshen\Desktop\git\光度\Broadcaster-CH592\LIB\libCH59xBLE.a(l2cap_sdu.o)
 .text.l2capBuildParamUpdateReq
                0x000000000000be56       0x4c C:\Users\bitshen\Desktop\git\光度\Broadcaster-CH592\LIB\libCH59xBLE.a(l2cap_sdu.o)
 .text.l2capBuildParamUpdateRsp
                0x000000000000bea2       0x16 C:\Users\bitshen\Desktop\git\光度\Broadcaster-CH592\LIB\libCH59xBLE.a(l2cap_sdu.o)
 .text.l2capBuildConnectRsp
                0x000000000000beb8       0x5e C:\Users\bitshen\Desktop\git\光度\Broadcaster-CH592\LIB\libCH59xBLE.a(l2cap_sdu.o)
 .text.l2capBuildCmdReject
                0x000000000000bf16       0x62 C:\Users\bitshen\Desktop\git\光度\Broadcaster-CH592\LIB\libCH59xBLE.a(l2cap_sdu.o)
                0x000000000000bf16                l2capBuildCmdReject
 .text.l2capBuildDisconnectRsp
                0x000000000000bf78       0x28 C:\Users\bitshen\Desktop\git\光度\Broadcaster-CH592\LIB\libCH59xBLE.a(l2cap_sdu.o)
                0x000000000000bf78                l2capBuildDisconnectRsp
 .text.l2capSendConnectRsp
                0x000000000000bfa0       0xaa C:\Users\bitshen\Desktop\git\光度\Broadcaster-CH592\LIB\libCH59xBLE.a(l2cap_sdu.o)
                0x000000000000bfa0                l2capSendConnectRsp
 .text.L2CAP_CmdReject
                0x000000000000c04a       0x12 C:\Users\bitshen\Desktop\git\光度\Broadcaster-CH592\LIB\libCH59xBLE.a(l2cap_sdu.o)
                0x000000000000c04a                L2CAP_CmdReject
 .text.L2CAP_DisconnectReq
                0x000000000000c05c       0x2a C:\Users\bitshen\Desktop\git\光度\Broadcaster-CH592\LIB\libCH59xBLE.a(l2cap_sdu.o)
                0x000000000000c05c                L2CAP_DisconnectReq
 .text.L2CAP_ConnParamUpdateReq
                0x000000000000c086       0x16 C:\Users\bitshen\Desktop\git\光度\Broadcaster-CH592\LIB\libCH59xBLE.a(l2cap_sdu.o)
                0x000000000000c086                L2CAP_ConnParamUpdateReq
 .text.L2CAP_ConnParamUpdateRsp
                0x000000000000c09c       0x12 C:\Users\bitshen\Desktop\git\光度\Broadcaster-CH592\LIB\libCH59xBLE.a(l2cap_sdu.o)
                0x000000000000c09c                L2CAP_ConnParamUpdateRsp
 .text.reportStatusChange
                0x000000000000c0ae       0x3e C:\Users\bitshen\Desktop\git\光度\Broadcaster-CH592\LIB\libCH59xBLE.a(linkdb.o)
 .text.linkDB_Init
                0x000000000000c0ec       0xa8 C:\Users\bitshen\Desktop\git\光度\Broadcaster-CH592\LIB\libCH59xBLE.a(linkdb.o)
                0x000000000000c0ec                linkDB_Init
 .text.linkDB_Find
                0x000000000000c194       0x34 C:\Users\bitshen\Desktop\git\光度\Broadcaster-CH592\LIB\libCH59xBLE.a(linkdb.o)
                0x000000000000c194                linkDB_Find
 .text.linkDB_Authen
                0x000000000000c1c8       0x5c C:\Users\bitshen\Desktop\git\光度\Broadcaster-CH592\LIB\libCH59xBLE.a(linkdb.o)
                0x000000000000c1c8                linkDB_Authen
 .text.linkDB_FindByAddr
                0x000000000000c224       0x82 C:\Users\bitshen\Desktop\git\光度\Broadcaster-CH592\LIB\libCH59xBLE.a(linkdb.o)
                0x000000000000c224                linkDB_FindByAddr
 .text.linkDB_FindFirst
                0x000000000000c2a6       0x40 C:\Users\bitshen\Desktop\git\光度\Broadcaster-CH592\LIB\libCH59xBLE.a(linkdb.o)
                0x000000000000c2a6                linkDB_FindFirst
 .text.linkDB_MTU
                0x000000000000c2e6       0x18 C:\Users\bitshen\Desktop\git\光度\Broadcaster-CH592\LIB\libCH59xBLE.a(linkdb.o)
                0x000000000000c2e6                linkDB_MTU
 .text.linkDB_NumActive
                0x000000000000c2fe       0x36 C:\Users\bitshen\Desktop\git\光度\Broadcaster-CH592\LIB\libCH59xBLE.a(linkdb.o)
                0x000000000000c2fe                linkDB_NumActive
 .text.linkDB_NumConns
                0x000000000000c334        0xa C:\Users\bitshen\Desktop\git\光度\Broadcaster-CH592\LIB\libCH59xBLE.a(linkdb.o)
                0x000000000000c334                linkDB_NumConns
 .text.linkDB_Register
                0x000000000000c33e       0x28 C:\Users\bitshen\Desktop\git\光度\Broadcaster-CH592\LIB\libCH59xBLE.a(linkdb.o)
                0x000000000000c33e                linkDB_Register
 .text.linkDB_Remove
                0x000000000000c366       0x4c C:\Users\bitshen\Desktop\git\光度\Broadcaster-CH592\LIB\libCH59xBLE.a(linkdb.o)
                0x000000000000c366                linkDB_Remove
 .text.linkDB_Role
                0x000000000000c3b2       0x18 C:\Users\bitshen\Desktop\git\光度\Broadcaster-CH592\LIB\libCH59xBLE.a(linkdb.o)
                0x000000000000c3b2                linkDB_Role
 .text.linkDB_State
                0x000000000000c3ca       0x30 C:\Users\bitshen\Desktop\git\光度\Broadcaster-CH592\LIB\libCH59xBLE.a(linkdb.o)
                0x000000000000c3ca                linkDB_State
 .text.linkDB_UpdateMTU
                0x000000000000c3fa       0x28 C:\Users\bitshen\Desktop\git\光度\Broadcaster-CH592\LIB\libCH59xBLE.a(linkdb.o)
                0x000000000000c3fa                linkDB_UpdateMTU
 .text.linkDB_PerformFunc
                0x000000000000c422       0x5a C:\Users\bitshen\Desktop\git\光度\Broadcaster-CH592\LIB\libCH59xBLE.a(linkdb.o)
                0x000000000000c422                linkDB_PerformFunc
 .text.linkDB_GetSMEvtID
                0x000000000000c47c       0x60 C:\Users\bitshen\Desktop\git\光度\Broadcaster-CH592\LIB\libCH59xBLE.a(linkdb.o)
                0x000000000000c47c                linkDB_GetSMEvtID
 .text.linkDB_Add
                0x000000000000c4dc       0xb2 C:\Users\bitshen\Desktop\git\光度\Broadcaster-CH592\LIB\libCH59xBLE.a(linkdb.o)
                0x000000000000c4dc                linkDB_Add
 .text.linkDB_GetHandleFromSMEvtID
                0x000000000000c58e       0x3a C:\Users\bitshen\Desktop\git\光度\Broadcaster-CH592\LIB\libCH59xBLE.a(linkdb.o)
                0x000000000000c58e                linkDB_GetHandleFromSMEvtID
 .text.linkDB_GetPairingParam
                0x000000000000c5c8       0x76 C:\Users\bitshen\Desktop\git\光度\Broadcaster-CH592\LIB\libCH59xBLE.a(linkdb.o)
                0x000000000000c5c8                linkDB_GetPairingParam
 .text.linkDB_NeedSendKey
                0x000000000000c63e       0x4c C:\Users\bitshen\Desktop\git\光度\Broadcaster-CH592\LIB\libCH59xBLE.a(linkdb.o)
                0x000000000000c63e                linkDB_NeedSendKey
 .text.smStartRspTimer
                0x000000000000c68a       0x3a C:\Users\bitshen\Desktop\git\光度\Broadcaster-CH592\LIB\libCH59xBLE.a(sm.o)
 .text.smStartEncryption
                0x000000000000c6c4       0xa0 C:\Users\bitshen\Desktop\git\光度\Broadcaster-CH592\LIB\libCH59xBLE.a(sm.o)
 .text.smFreePairingParams
                0x000000000000c764       0x7e C:\Users\bitshen\Desktop\git\光度\Broadcaster-CH592\LIB\libCH59xBLE.a(sm.o)
                0x000000000000c764                smFreePairingParams
 .text.smEndPairing
                0x000000000000c7e2       0x60 C:\Users\bitshen\Desktop\git\光度\Broadcaster-CH592\LIB\libCH59xBLE.a(sm.o)
                0x000000000000c7e2                smEndPairing
 .text.smLinkCheck
                0x000000000000c842       0x34 C:\Users\bitshen\Desktop\git\光度\Broadcaster-CH592\LIB\libCH59xBLE.a(sm.o)
                0x000000000000c842                smLinkCheck
 .text.smNextPairingState
                0x000000000000c876       0x60 C:\Users\bitshen\Desktop\git\光度\Broadcaster-CH592\LIB\libCH59xBLE.a(sm.o)
                0x000000000000c876                smNextPairingState
 .text.smProcessEncryptChange
                0x000000000000c8d6       0xf8 C:\Users\bitshen\Desktop\git\光度\Broadcaster-CH592\LIB\libCH59xBLE.a(sm.o)
                0x000000000000c8d6                smProcessEncryptChange
 .text.smSendSMMsg
                0x000000000000c9ce       0x5c C:\Users\bitshen\Desktop\git\光度\Broadcaster-CH592\LIB\libCH59xBLE.a(sm.o)
                0x000000000000c9ce                smSendSMMsg
 .text.smSendFailAndEnd
                0x000000000000ca2a       0x38 C:\Users\bitshen\Desktop\git\光度\Broadcaster-CH592\LIB\libCH59xBLE.a(sm.o)
                0x000000000000ca2a                smSendFailAndEnd
 .text.smProcessPairingReq
                0x000000000000ca62       0x40 C:\Users\bitshen\Desktop\git\光度\Broadcaster-CH592\LIB\libCH59xBLE.a(sm.o)
                0x000000000000ca62                smProcessPairingReq
 .text.smSetPairingReqRsp
                0x000000000000caa2       0x3c C:\Users\bitshen\Desktop\git\光度\Broadcaster-CH592\LIB\libCH59xBLE.a(sm.o)
                0x000000000000caa2                smSetPairingReqRsp
 .text.SM_StartEncryption
                0x000000000000cade       0x1a C:\Users\bitshen\Desktop\git\光度\Broadcaster-CH592\LIB\libCH59xBLE.a(sm.o)
                0x000000000000cade                SM_StartEncryption
 .text.sm_dhkey
                0x000000000000caf8       0x3e C:\Users\bitshen\Desktop\git\光度\Broadcaster-CH592\LIB\libCH59xBLE.a(sm.o)
                0x000000000000caf8                sm_dhkey
 .text.sm_c1    0x000000000000cb36       0xb4 C:\Users\bitshen\Desktop\git\光度\Broadcaster-CH592\LIB\libCH59xBLE.a(sm.o)
                0x000000000000cb36                sm_c1
 .text.smDetermineKeySize
                0x000000000000cbea       0x20 C:\Users\bitshen\Desktop\git\光度\Broadcaster-CH592\LIB\libCH59xBLE.a(sm.o)
                0x000000000000cbea                smDetermineKeySize
 .text.smpParsePairingReq
                0x000000000000cc0a      0x118 C:\Users\bitshen\Desktop\git\光度\Broadcaster-CH592\LIB\libCH59xBLE.a(sm.o)
                0x000000000000cc0a                smpParsePairingReq
 .text.smpParseEncInfo
                0x000000000000cd22       0x2a C:\Users\bitshen\Desktop\git\光度\Broadcaster-CH592\LIB\libCH59xBLE.a(sm.o)
                0x000000000000cd22                smpParseEncInfo
 .text.smpParseIdentityAddrInfo
                0x000000000000cd4c       0x34 C:\Users\bitshen\Desktop\git\光度\Broadcaster-CH592\LIB\libCH59xBLE.a(sm.o)
                0x000000000000cd4c                smpParseIdentityAddrInfo
 .text.smpParseIdentityInfo
                0x000000000000cd80       0x2a C:\Users\bitshen\Desktop\git\光度\Broadcaster-CH592\LIB\libCH59xBLE.a(sm.o)
                0x000000000000cd80                smpParseIdentityInfo
 .text.smpParseMasterID
                0x000000000000cdaa       0x3c C:\Users\bitshen\Desktop\git\光度\Broadcaster-CH592\LIB\libCH59xBLE.a(sm.o)
                0x000000000000cdaa                smpParseMasterID
 .text.smpParsePairingConfirm
                0x000000000000cde6       0x2a C:\Users\bitshen\Desktop\git\光度\Broadcaster-CH592\LIB\libCH59xBLE.a(sm.o)
                0x000000000000cde6                smpParsePairingConfirm
 .text.smpParsePairingFailed
                0x000000000000ce10       0x1c C:\Users\bitshen\Desktop\git\光度\Broadcaster-CH592\LIB\libCH59xBLE.a(sm.o)
                0x000000000000ce10                smpParsePairingFailed
 .text.smpParsePairingRandom
                0x000000000000ce2c       0x2a C:\Users\bitshen\Desktop\git\光度\Broadcaster-CH592\LIB\libCH59xBLE.a(sm.o)
                0x000000000000ce2c                smpParsePairingRandom
 .text.smpParseSigningInfo
                0x000000000000ce56       0x2a C:\Users\bitshen\Desktop\git\光度\Broadcaster-CH592\LIB\libCH59xBLE.a(sm.o)
                0x000000000000ce56                smpParseSigningInfo
 .text.smpParsePairingPublicKey
                0x000000000000ce80       0x2c C:\Users\bitshen\Desktop\git\光度\Broadcaster-CH592\LIB\libCH59xBLE.a(sm.o)
                0x000000000000ce80                smpParsePairingPublicKey
 .text.smpParsePairingDHKeyCheck
                0x000000000000ceac       0x2a C:\Users\bitshen\Desktop\git\光度\Broadcaster-CH592\LIB\libCH59xBLE.a(sm.o)
                0x000000000000ceac                smpParsePairingDHKeyCheck
 .text.smProcessDataMsg
                0x000000000000ced6      0x104 C:\Users\bitshen\Desktop\git\光度\Broadcaster-CH592\LIB\libCH59xBLE.a(sm.o)
                0x000000000000ced6                smProcessDataMsg
 .text.smProcessTMOSMsg
                0x000000000000cfda      0x170 C:\Users\bitshen\Desktop\git\光度\Broadcaster-CH592\LIB\libCH59xBLE.a(sm.o)
                0x000000000000cfda                smProcessTMOSMsg
 .text.SM_CalcRandomAddr
                0x000000000000d14a       0x54 C:\Users\bitshen\Desktop\git\光度\Broadcaster-CH592\LIB\libCH59xBLE.a(sm.o)
                0x000000000000d14a                SM_CalcRandomAddr
 .text.SM_GenerateAuthenSig
                0x000000000000d19e       0xe6 C:\Users\bitshen\Desktop\git\光度\Broadcaster-CH592\LIB\libCH59xBLE.a(sm.o)
                0x000000000000d19e                SM_GenerateAuthenSig
 .text.SM_PasskeyUpdate
                0x000000000000d284       0xe6 C:\Users\bitshen\Desktop\git\光度\Broadcaster-CH592\LIB\libCH59xBLE.a(sm.o)
                0x000000000000d284                SM_PasskeyUpdate
 .text.SM_ResolveRandomAddrs
                0x000000000000d36a       0x5e C:\Users\bitshen\Desktop\git\光度\Broadcaster-CH592\LIB\libCH59xBLE.a(sm.o)
                0x000000000000d36a                SM_ResolveRandomAddrs
 .text.SM_StartPairing
                0x000000000000d3c8       0xc2 C:\Users\bitshen\Desktop\git\光度\Broadcaster-CH592\LIB\libCH59xBLE.a(sm.o)
                0x000000000000d3c8                SM_StartPairing
 .text.SM_VerifyAuthenSig
                0x000000000000d48a      0x150 C:\Users\bitshen\Desktop\git\光度\Broadcaster-CH592\LIB\libCH59xBLE.a(sm.o)
                0x000000000000d48a                SM_VerifyAuthenSig
 .text.SM_ProcessEvent
                0x000000000000d5da       0xb4 C:\Users\bitshen\Desktop\git\光度\Broadcaster-CH592\LIB\libCH59xBLE.a(sm.o)
                0x000000000000d5da                SM_ProcessEvent
 .text.SM_ParamInit
                0x000000000000d68e       0x66 C:\Users\bitshen\Desktop\git\光度\Broadcaster-CH592\LIB\libCH59xBLE.a(sm.o)
                0x000000000000d68e                SM_ParamInit
 .text.SM_InitiatorInit
                0x000000000000d6f4       0x22 C:\Users\bitshen\Desktop\git\光度\Broadcaster-CH592\LIB\libCH59xBLE.a(sm.o)
                0x000000000000d6f4                SM_InitiatorInit
 .text.SM_ResponderInit
                0x000000000000d716       0x22 C:\Users\bitshen\Desktop\git\光度\Broadcaster-CH592\LIB\libCH59xBLE.a(sm.o)
                0x000000000000d716                SM_ResponderInit
 .text.SM_Init  0x000000000000d738       0x2a C:\Users\bitshen\Desktop\git\光度\Broadcaster-CH592\LIB\libCH59xBLE.a(sm.o)
                0x000000000000d738                SM_Init
 .text.smpInitiatorProcessPairingRsp
                0x000000000000d762      0x26e C:\Users\bitshen\Desktop\git\光度\Broadcaster-CH592\LIB\libCH59xBLE.a(sm_initiator.o)
                0x000000000000d762                smpInitiatorProcessPairingRsp
 .text.smInitiatorSendNextKeyInfo
                0x000000000000d9d0      0x26e C:\Users\bitshen\Desktop\git\光度\Broadcaster-CH592\LIB\libCH59xBLE.a(sm_initiator.o)
                0x000000000000d9d0                smInitiatorSendNextKeyInfo
 .text.setupInitiatorKeys
                0x000000000000dc3e       0x88 C:\Users\bitshen\Desktop\git\光度\Broadcaster-CH592\LIB\libCH59xBLE.a(sm_initiator.o)
 .text.smpInitiatorProcessIncoming
                0x000000000000dcc6      0x418 C:\Users\bitshen\Desktop\git\光度\Broadcaster-CH592\LIB\libCH59xBLE.a(sm_initiator.o)
                0x000000000000dcc6                smpInitiatorProcessIncoming
 .text.smpBuildPairingReqRsp
                0x000000000000e0de       0xc6 C:\Users\bitshen\Desktop\git\光度\Broadcaster-CH592\LIB\libCH59xBLE.a(sm_pdu.o)
 .text.smpBuildPairingReq
                0x000000000000e1a4        0xa C:\Users\bitshen\Desktop\git\光度\Broadcaster-CH592\LIB\libCH59xBLE.a(sm_pdu.o)
                0x000000000000e1a4                smpBuildPairingReq
 .text.smpBuildPairingRsp
                0x000000000000e1ae        0xa C:\Users\bitshen\Desktop\git\光度\Broadcaster-CH592\LIB\libCH59xBLE.a(sm_pdu.o)
                0x000000000000e1ae                smpBuildPairingRsp
 .text.smpBuildPairingConfirm
                0x000000000000e1b8       0x30 C:\Users\bitshen\Desktop\git\光度\Broadcaster-CH592\LIB\libCH59xBLE.a(sm_pdu.o)
                0x000000000000e1b8                smpBuildPairingConfirm
 .text.smpBuildPairingRandom
                0x000000000000e1e8       0x30 C:\Users\bitshen\Desktop\git\光度\Broadcaster-CH592\LIB\libCH59xBLE.a(sm_pdu.o)
                0x000000000000e1e8                smpBuildPairingRandom
 .text.smpBuildEncInfo
                0x000000000000e218       0x30 C:\Users\bitshen\Desktop\git\光度\Broadcaster-CH592\LIB\libCH59xBLE.a(sm_pdu.o)
                0x000000000000e218                smpBuildEncInfo
 .text.smpBuildMasterID
                0x000000000000e248       0x44 C:\Users\bitshen\Desktop\git\光度\Broadcaster-CH592\LIB\libCH59xBLE.a(sm_pdu.o)
                0x000000000000e248                smpBuildMasterID
 .text.smpBuildIdentityInfo
                0x000000000000e28c       0x30 C:\Users\bitshen\Desktop\git\光度\Broadcaster-CH592\LIB\libCH59xBLE.a(sm_pdu.o)
                0x000000000000e28c                smpBuildIdentityInfo
 .text.smpBuildIdentityAddrInfo
                0x000000000000e2bc       0x3a C:\Users\bitshen\Desktop\git\光度\Broadcaster-CH592\LIB\libCH59xBLE.a(sm_pdu.o)
                0x000000000000e2bc                smpBuildIdentityAddrInfo
 .text.smpBuildSigningInfo
                0x000000000000e2f6       0x30 C:\Users\bitshen\Desktop\git\光度\Broadcaster-CH592\LIB\libCH59xBLE.a(sm_pdu.o)
                0x000000000000e2f6                smpBuildSigningInfo
 .text.smpBuildPublicKey
                0x000000000000e326       0x32 C:\Users\bitshen\Desktop\git\光度\Broadcaster-CH592\LIB\libCH59xBLE.a(sm_pdu.o)
                0x000000000000e326                smpBuildPublicKey
 .text.smpBuildDHKey
                0x000000000000e358       0x30 C:\Users\bitshen\Desktop\git\光度\Broadcaster-CH592\LIB\libCH59xBLE.a(sm_pdu.o)
                0x000000000000e358                smpBuildDHKey
 .text.smpBuildPairingFailed
                0x000000000000e388       0x1a C:\Users\bitshen\Desktop\git\光度\Broadcaster-CH592\LIB\libCH59xBLE.a(sm_pdu.o)
                0x000000000000e388                smpBuildPairingFailed
 .text.smGeneratePairingReq
                0x000000000000e3a2       0x30 C:\Users\bitshen\Desktop\git\光度\Broadcaster-CH592\LIB\libCH59xBLE.a(sm_pdu.o)
                0x000000000000e3a2                smGeneratePairingReq
 .text.smGeneratePairingRsp
                0x000000000000e3d2       0x30 C:\Users\bitshen\Desktop\git\光度\Broadcaster-CH592\LIB\libCH59xBLE.a(sm_pdu.o)
                0x000000000000e3d2                smGeneratePairingRsp
 .text.smGenerateConfirm
                0x000000000000e402       0x34 C:\Users\bitshen\Desktop\git\光度\Broadcaster-CH592\LIB\libCH59xBLE.a(sm_pdu.o)
                0x000000000000e402                smGenerateConfirm
 .text.smGenerateRandMsg
                0x000000000000e436       0x34 C:\Users\bitshen\Desktop\git\光度\Broadcaster-CH592\LIB\libCH59xBLE.a(sm_pdu.o)
                0x000000000000e436                smGenerateRandMsg
 .text.smGeneratePairingPublicKey
                0x000000000000e46a       0x64 C:\Users\bitshen\Desktop\git\光度\Broadcaster-CH592\LIB\libCH59xBLE.a(sm_pdu.o)
                0x000000000000e46a                smGeneratePairingPublicKey
 .text.smGeneratePairingDHKeyCheck
                0x000000000000e4ce      0x250 C:\Users\bitshen\Desktop\git\光度\Broadcaster-CH592\LIB\libCH59xBLE.a(sm_pdu.o)
                0x000000000000e4ce                smGeneratePairingDHKeyCheck
 .text.smPairingSendEncInfo
                0x000000000000e71e       0x10 C:\Users\bitshen\Desktop\git\光度\Broadcaster-CH592\LIB\libCH59xBLE.a(sm_pdu.o)
                0x000000000000e71e                smPairingSendEncInfo
 .text.smPairingSendIdentityAddrInfo
                0x000000000000e72e       0x38 C:\Users\bitshen\Desktop\git\光度\Broadcaster-CH592\LIB\libCH59xBLE.a(sm_pdu.o)
                0x000000000000e72e                smPairingSendIdentityAddrInfo
 .text.smPairingSendIdentityInfo
                0x000000000000e766       0x10 C:\Users\bitshen\Desktop\git\光度\Broadcaster-CH592\LIB\libCH59xBLE.a(sm_pdu.o)
                0x000000000000e766                smPairingSendIdentityInfo
 .text.smPairingSendMasterID
                0x000000000000e776       0x38 C:\Users\bitshen\Desktop\git\光度\Broadcaster-CH592\LIB\libCH59xBLE.a(sm_pdu.o)
                0x000000000000e776                smPairingSendMasterID
 .text.smPairingSendSingingInfo
                0x000000000000e7ae       0x10 C:\Users\bitshen\Desktop\git\光度\Broadcaster-CH592\LIB\libCH59xBLE.a(sm_pdu.o)
                0x000000000000e7ae                smPairingSendSingingInfo
 .text.smResponderSendNextKeyInfo
                0x000000000000e7be      0x2e6 C:\Users\bitshen\Desktop\git\光度\Broadcaster-CH592\LIB\libCH59xBLE.a(sm_responding.o)
                0x000000000000e7be                smResponderSendNextKeyInfo
 .text.smResponderProcessLTKReq
                0x000000000000eaa4      0x1b6 C:\Users\bitshen\Desktop\git\光度\Broadcaster-CH592\LIB\libCH59xBLE.a(sm_responding.o)
                0x000000000000eaa4                smResponderProcessLTKReq
 .text.smpResponderProcessIncoming
                0x000000000000ec5a      0x6f2 C:\Users\bitshen\Desktop\git\光度\Broadcaster-CH592\LIB\libCH59xBLE.a(sm_responding.o)
                0x000000000000ec5a                smpResponderProcessIncoming
 .text.xor_128  0x000000000000f34c       0x28 C:\Users\bitshen\Desktop\git\光度\Broadcaster-CH592\LIB\libCH59xBLE.a(sm_toolbox.o)
                0x000000000000f34c                xor_128
 .text.leftshift_onebit
                0x000000000000f374       0x2e C:\Users\bitshen\Desktop\git\光度\Broadcaster-CH592\LIB\libCH59xBLE.a(sm_toolbox.o)
                0x000000000000f374                leftshift_onebit
 .text.padding  0x000000000000f3a2       0x38 C:\Users\bitshen\Desktop\git\光度\Broadcaster-CH592\LIB\libCH59xBLE.a(sm_toolbox.o)
                0x000000000000f3a2                padding
 .text.generate_subkey
                0x000000000000f3da       0xd4 C:\Users\bitshen\Desktop\git\光度\Broadcaster-CH592\LIB\libCH59xBLE.a(sm_toolbox.o)
                0x000000000000f3da                generate_subkey
 .text.sm_xor   0x000000000000f4ae       0x24 C:\Users\bitshen\Desktop\git\光度\Broadcaster-CH592\LIB\libCH59xBLE.a(sm_toolbox.o)
                0x000000000000f4ae                sm_xor
 .text.sm_ah    0x000000000000f4d2       0x90 C:\Users\bitshen\Desktop\git\光度\Broadcaster-CH592\LIB\libCH59xBLE.a(sm_toolbox.o)
                0x000000000000f4d2                sm_ah
 .text.sm_c1new
                0x000000000000f562      0x144 C:\Users\bitshen\Desktop\git\光度\Broadcaster-CH592\LIB\libCH59xBLE.a(sm_toolbox.o)
                0x000000000000f562                sm_c1new
 .text.sm_s1    0x000000000000f6a6       0x96 C:\Users\bitshen\Desktop\git\光度\Broadcaster-CH592\LIB\libCH59xBLE.a(sm_toolbox.o)
                0x000000000000f6a6                sm_s1
 .text.sm_CMAC  0x000000000000f73c      0x172 C:\Users\bitshen\Desktop\git\光度\Broadcaster-CH592\LIB\libCH59xBLE.a(sm_toolbox.o)
                0x000000000000f73c                sm_CMAC
 .text.HOST_LE_ConnectionCompleteEvent
                0x000000000000f8ae       0xca C:\Users\bitshen\Desktop\git\光度\Broadcaster-CH592\LIB\libCH59xBLE.a(host_input.o)
                0x000000000000f8ae                HOST_LE_ConnectionCompleteEvent
 .text.HOST_LE_ConnectionUpdateCompleteEvent
                0x000000000000f978       0x60 C:\Users\bitshen\Desktop\git\光度\Broadcaster-CH592\LIB\libCH59xBLE.a(host_input.o)
                0x000000000000f978                HOST_LE_ConnectionUpdateCompleteEvent
 .text.HOST_LE_ReadRemoteUsedFeaturesCompleteEvent
                0x000000000000f9d8       0x66 C:\Users\bitshen\Desktop\git\光度\Broadcaster-CH592\LIB\libCH59xBLE.a(host_input.o)
                0x000000000000f9d8                HOST_LE_ReadRemoteUsedFeaturesCompleteEvent